Archive member included to satisfy reference by file (symbol)

d:/mounriver/mounriver_studio/mounriver_studio/toolchain/risc-v embedded gcc/bin/../lib/gcc/riscv-none-embed/8.2.0/rv32imac/ilp32\libgcc.a(eqdf2.o)
                              ./seekfree_peripheral/SEEKFREE_PRINTF.o (__nedf2)
d:/mounriver/mounriver_studio/mounriver_studio/toolchain/risc-v embedded gcc/bin/../lib/gcc/riscv-none-embed/8.2.0/rv32imac/ilp32\libgcc.a(ledf2.o)
                              ./seekfree_peripheral/SEEKFREE_18TFT.o (__ltdf2)
d:/mounriver/mounriver_studio/mounriver_studio/toolchain/risc-v embedded gcc/bin/../lib/gcc/riscv-none-embed/8.2.0/rv32imac/ilp32\libgcc.a(muldf3.o)
                              ./seekfree_peripheral/SEEKFREE_PRINTF.o (__muldf3)
d:/mounriver/mounriver_studio/mounriver_studio/toolchain/risc-v embedded gcc/bin/../lib/gcc/riscv-none-embed/8.2.0/rv32imac/ilp32\libgcc.a(subdf3.o)
                              ./seekfree_peripheral/SEEKFREE_PRINTF.o (__subdf3)
d:/mounriver/mounriver_studio/mounriver_studio/toolchain/risc-v embedded gcc/bin/../lib/gcc/riscv-none-embed/8.2.0/rv32imac/ilp32\libgcc.a(fixdfsi.o)
                              ./seekfree_peripheral/SEEKFREE_PRINTF.o (__fixdfsi)
d:/mounriver/mounriver_studio/mounriver_studio/toolchain/risc-v embedded gcc/bin/../lib/gcc/riscv-none-embed/8.2.0/rv32imac/ilp32\libgcc.a(floatsidf.o)
                              ./seekfree_peripheral/SEEKFREE_PRINTF.o (__floatsidf)
d:/mounriver/mounriver_studio/mounriver_studio/toolchain/risc-v embedded gcc/bin/../lib/gcc/riscv-none-embed/8.2.0/rv32imac/ilp32\libgcc.a(_clzsi2.o)
                              d:/mounriver/mounriver_studio/mounriver_studio/toolchain/risc-v embedded gcc/bin/../lib/gcc/riscv-none-embed/8.2.0/rv32imac/ilp32\libgcc.a(muldf3.o) (__clzsi2)
d:/mounriver/mounriver_studio/mounriver_studio/toolchain/risc-v embedded gcc/bin/../lib/gcc/riscv-none-embed/8.2.0/rv32imac/ilp32\libgcc.a(_clz.o)
                              d:/mounriver/mounriver_studio/mounriver_studio/toolchain/risc-v embedded gcc/bin/../lib/gcc/riscv-none-embed/8.2.0/rv32imac/ilp32\libgcc.a(_clzsi2.o) (__clz_tab)
d:/mounriver/mounriver_studio/mounriver_studio/toolchain/risc-v embedded gcc/bin/../lib/gcc/riscv-none-embed/8.2.0/../../../../riscv-none-embed/lib/rv32imac/ilp32\libg_nano.a(lib_a-assert.o)
                              ./seekfree_peripheral/SEEKFREE_18TFT.o (__assert_func)
d:/mounriver/mounriver_studio/mounriver_studio/toolchain/risc-v embedded gcc/bin/../lib/gcc/riscv-none-embed/8.2.0/../../../../riscv-none-embed/lib/rv32imac/ilp32\libg_nano.a(lib_a-fprintf.o)
                              d:/mounriver/mounriver_studio/mounriver_studio/toolchain/risc-v embedded gcc/bin/../lib/gcc/riscv-none-embed/8.2.0/../../../../riscv-none-embed/lib/rv32imac/ilp32\libg_nano.a(lib_a-assert.o) (fiprintf)
d:/mounriver/mounriver_studio/mounriver_studio/toolchain/risc-v embedded gcc/bin/../lib/gcc/riscv-none-embed/8.2.0/../../../../riscv-none-embed/lib/rv32imac/ilp32\libg_nano.a(lib_a-impure.o)
                              d:/mounriver/mounriver_studio/mounriver_studio/toolchain/risc-v embedded gcc/bin/../lib/gcc/riscv-none-embed/8.2.0/../../../../riscv-none-embed/lib/rv32imac/ilp32\libg_nano.a(lib_a-assert.o) (_impure_ptr)
d:/mounriver/mounriver_studio/mounriver_studio/toolchain/risc-v embedded gcc/bin/../lib/gcc/riscv-none-embed/8.2.0/../../../../riscv-none-embed/lib/rv32imac/ilp32\libg_nano.a(lib_a-memcpy.o)
                              ./seekfree_peripheral/SEEKFREE_PRINTF.o (memcpy)
d:/mounriver/mounriver_studio/mounriver_studio/toolchain/risc-v embedded gcc/bin/../lib/gcc/riscv-none-embed/8.2.0/../../../../riscv-none-embed/lib/rv32imac/ilp32\libg_nano.a(lib_a-nano-vfprintf.o)
                              d:/mounriver/mounriver_studio/mounriver_studio/toolchain/risc-v embedded gcc/bin/../lib/gcc/riscv-none-embed/8.2.0/../../../../riscv-none-embed/lib/rv32imac/ilp32\libg_nano.a(lib_a-fprintf.o) (_vfprintf_r)
d:/mounriver/mounriver_studio/mounriver_studio/toolchain/risc-v embedded gcc/bin/../lib/gcc/riscv-none-embed/8.2.0/../../../../riscv-none-embed/lib/rv32imac/ilp32\libg_nano.a(lib_a-nano-vfprintf_i.o)
                              d:/mounriver/mounriver_studio/mounriver_studio/toolchain/risc-v embedded gcc/bin/../lib/gcc/riscv-none-embed/8.2.0/../../../../riscv-none-embed/lib/rv32imac/ilp32\libg_nano.a(lib_a-nano-vfprintf.o) (_printf_i)
d:/mounriver/mounriver_studio/mounriver_studio/toolchain/risc-v embedded gcc/bin/../lib/gcc/riscv-none-embed/8.2.0/../../../../riscv-none-embed/lib/rv32imac/ilp32\libg_nano.a(lib_a-strlen.o)
                              ./seekfree_peripheral/SEEKFREE_BLUETOOTH_CH9141.o (strlen)
d:/mounriver/mounriver_studio/mounriver_studio/toolchain/risc-v embedded gcc/bin/../lib/gcc/riscv-none-embed/8.2.0/../../../../riscv-none-embed/lib/rv32imac/ilp32\libg_nano.a(lib_a-strncmp.o)
                              ./seekfree_peripheral/SEEKFREE_BLUETOOTH_CH9141.o (strncmp)
[...]
Memory Configuration

Name             Origin             Length             Attributes
FLASH            0x0000000000000000 0x0000000000010000 xr
RAM              0x0000000020000000 0x0000000000005000 xrw
*default*        0x0000000000000000 0xffffffffffffffff

Linker script and memory map

LOAD ./wch_Libraries/Startup/startup_ch32v10x.o
LOAD ./wch_Libraries/Peripheral/ch32v10x_adc.o
LOAD ./wch_Libraries/Peripheral/ch32v10x_bkp.o
LOAD ./wch_Libraries/Peripheral/ch32v10x_crc.o
LOAD ./wch_Libraries/Peripheral/ch32v10x_dbgmcu.o
LOAD ./wch_Libraries/Peripheral/ch32v10x_dma.o
LOAD ./wch_Libraries/Peripheral/ch32v10x_exti.o
LOAD ./wch_Libraries/Peripheral/ch32v10x_flash.o
LOAD ./wch_Libraries/Peripheral/ch32v10x_gpio.o
LOAD ./wch_Libraries/Peripheral/ch32v10x_i2c.o
LOAD ./wch_Libraries/Peripheral/ch32v10x_iwdg.o
LOAD ./wch_Libraries/Peripheral/ch32v10x_misc.o
LOAD ./wch_Libraries/Peripheral/ch32v10x_pwr.o
LOAD ./wch_Libraries/Peripheral/ch32v10x_rcc.o
LOAD ./wch_Libraries/Peripheral/ch32v10x_rtc.o
LOAD ./wch_Libraries/Peripheral/ch32v10x_spi.o
LOAD ./wch_Libraries/Peripheral/ch32v10x_tim.o
LOAD ./wch_Libraries/Peripheral/ch32v10x_usart.o
LOAD ./wch_Libraries/Peripheral/ch32v10x_usb.o
LOAD ./wch_Libraries/Peripheral/ch32v10x_usb_host.o
LOAD ./wch_Libraries/Peripheral/ch32v10x_wwdg.o
LOAD ./wch_Libraries/Core/core_riscv.o
LOAD ./seekfree_peripheral/SEEKFREE_18TFT.o
LOAD ./seekfree_peripheral/SEEKFREE_ABSOLUTE_ENCODER.o
LOAD ./seekfree_peripheral/SEEKFREE_BLUETOOTH_CH9141.o
LOAD ./seekfree_peripheral/SEEKFREE_FONT.o
LOAD ./seekfree_peripheral/SEEKFREE_ICM20602.o
LOAD ./seekfree_peripheral/SEEKFREE_IIC.o
LOAD ./seekfree_peripheral/SEEKFREE_IPS114_SPI.o
LOAD ./seekfree_peripheral/SEEKFREE_MPU6050.o
LOAD ./seekfree_peripheral/SEEKFREE_MT9V03X.o
LOAD ./seekfree_peripheral/SEEKFREE_OLED.o
LOAD ./seekfree_peripheral/SEEKFREE_PRINTF.o
LOAD ./seekfree_peripheral/SEEKFREE_TSL1401.o
LOAD ./seekfree_peripheral/SEEKFREE_UART_7725.o
LOAD ./seekfree_peripheral/SEEKFREE_VIRSCO.o
LOAD ./seekfree_peripheral/SEEKFREE_WIRELESS.o
LOAD ./seekfree_libraries/board.o
LOAD ./seekfree_libraries/clock_config.o
LOAD ./seekfree_libraries/common.o
LOAD ./seekfree_libraries/misc.o
LOAD ./seekfree_libraries/zf_adc.o
LOAD ./seekfree_libraries/zf_camera.o
LOAD ./seekfree_libraries/zf_flash.o
LOAD ./seekfree_libraries/zf_gpio.o
LOAD ./seekfree_libraries/zf_irq.o
LOAD ./seekfree_libraries/zf_nvic.o
LOAD ./seekfree_libraries/zf_pit.o
LOAD ./seekfree_libraries/zf_pwm.o
LOAD ./seekfree_libraries/zf_spi.o
LOAD ./seekfree_libraries/zf_systick.o
LOAD ./seekfree_libraries/zf_timer.o
LOAD ./seekfree_libraries/zf_uart.o
LOAD ./seekfree_libraries/zf_usb_cdc.o
LOAD ./USER/isr.o
LOAD ./USER/main.o
LOAD ./CODE/key.o
LOAD ./CODE/menu.o
LOAD d:/mounriver/mounriver_studio/mounriver_studio/toolchain/risc-v embedded gcc/bin/../lib/gcc/riscv-none-embed/8.2.0/../../../../riscv-none-embed/lib/rv32imac/ilp32\libm.a
LOAD d:/mounriver/mounriver_studio/mounriver_studio/toolchain/risc-v embedded gcc/bin/../lib/gcc/riscv-none-embed/8.2.0/rv32imac/ilp32\libgcc.a
LOAD d:/mounriver/mounriver_studio/mounriver_studio/toolchain/risc-v embedded gcc/bin/../lib/gcc/riscv-none-embed/8.2.0/../../../../riscv-none-embed/lib/rv32imac/ilp32\libg_nano.a
LOAD d:/mounriver/mounriver_studio/mounriver_studio/toolchain/risc-v embedded gcc/bin/../lib/gcc/riscv-none-embed/8.2.0/../../../../riscv-none-embed/lib/rv32imac/ilp32\libc_nano.a
LOAD d:/mounriver/mounriver_studio/mounriver_studio/toolchain/risc-v embedded gcc/bin/../lib/gcc/riscv-none-embed/8.2.0/rv32imac/ilp32\libgcc.a
START GROUP
LOAD d:/mounriver/mounriver_studio/mounriver_studio/toolchain/risc-v embedded gcc/bin/../lib/gcc/riscv-none-embed/8.2.0/rv32imac/ilp32\libgcc.a
LOAD d:/mounriver/mounriver_studio/mounriver_studio/toolchain/risc-v embedded gcc/bin/../lib/gcc/riscv-none-embed/8.2.0/../../../../riscv-none-embed/lib/rv32imac/ilp32\libc_nano.a
LOAD d:/mounriver/mounriver_studio/mounriver_studio/toolchain/risc-v embedded gcc/bin/../lib/gcc/riscv-none-embed/8.2.0/../../../../riscv-none-embed/lib/rv32imac/ilp32\libnosys.a
END GROUP
START GROUP
LOAD d:/mounriver/mounriver_studio/mounriver_studio/toolchain/risc-v embedded gcc/bin/../lib/gcc/riscv-none-embed/8.2.0/rv32imac/ilp32\libgcc.a
LOAD d:/mounriver/mounriver_studio/mounriver_studio/toolchain/risc-v embedded gcc/bin/../lib/gcc/riscv-none-embed/8.2.0/../../../../riscv-none-embed/lib/rv32imac/ilp32\libc_nano.a
LOAD d:/mounriver/mounriver_studio/mounriver_studio/toolchain/risc-v embedded gcc/bin/../lib/gcc/riscv-none-embed/8.2.0/../../../../riscv-none-embed/lib/rv32imac/ilp32\libnosys.a
END GROUP
                0x0000000000000800                __stack_size = 0x800
                [!provide]                        PROVIDE (_stack_size = __stack_size)

.init           0x0000000000000000       0x38
                0x0000000000000000                _sinit = .
                0x0000000000000000                . = ALIGN (0x4)
 *(SORT_NONE(.init))
 .init          0x0000000000000000       0x38 ./wch_Libraries/Startup/startup_ch32v10x.o
                0x0000000000000000                _start
                0x0000000000000038                . = ALIGN (0x4)
                0x0000000000000038                _einit = .

.vector         0x0000000000000038      0x108
 *(.vector)
 .vector        0x0000000000000038       0xf0 ./wch_Libraries/Startup/startup_ch32v10x.o
                0x0000000000000140                . = ALIGN (0x40)
 *fill*         0x0000000000000128       0x18 

.text           0x0000000000000140     0x6f6c
                0x0000000000000140                . = ALIGN (0x4)
 *(.text)
 .text          0x0000000000000140        0xc ./seekfree_libraries/zf_irq.o
                0x0000000000000140                interrupt_disable
                0x0000000000000146                interrupt_enable
 .text          0x000000000000014c       0xa8 d:/mounriver/mounriver_studio/mounriver_studio/toolchain/risc-v embedded gcc/bin/../lib/gcc/riscv-none-embed/8.2.0/../../../../riscv-none-embed/lib/rv32imac/ilp32\libg_nano.a(lib_a-memset.o)
                0x000000000000014c                memset
 *(.text.*)
 .text.handle_reset
                0x00000000000001f4       0x7e ./wch_Libraries/Startup/startup_ch32v10x.o
                0x00000000000001f4                handle_reset
 .text.ADC_DeInit
                0x0000000000000272       0x3a ./wch_Libraries/Peripheral/ch32v10x_adc.o
                0x0000000000000272                ADC_DeInit
 .text.ADC_Init
                0x00000000000002ac       0xf2 ./wch_Libraries/Peripheral/ch32v10x_adc.o
                0x00000000000002ac                ADC_Init
 .text.ADC_Cmd  0x000000000000039e       0x3e ./wch_Libraries/Peripheral/ch32v10x_adc.o
                0x000000000000039e                ADC_Cmd
 .text.ADC_ResetCalibration
                0x00000000000003dc       0x22 ./wch_Libraries/Peripheral/ch32v10x_adc.o
                0x00000000000003dc                ADC_ResetCalibration
 .text.ADC_GetResetCalibrationStatus
                0x00000000000003fe       0x30 ./wch_Libraries/Peripheral/ch32v10x_adc.o
                0x00000000000003fe                ADC_GetResetCalibrationStatus
 .text.ADC_StartCalibration
                0x000000000000042e       0x22 ./wch_Libraries/Peripheral/ch32v10x_adc.o
                0x000000000000042e                ADC_StartCalibration
 .text.ADC_GetCalibrationStatus
                0x0000000000000450       0x30 ./wch_Libraries/Peripheral/ch32v10x_adc.o
                0x0000000000000450                ADC_GetCalibrationStatus
 .text.ADC_RegularChannelConfig
                0x0000000000000480      0x248 ./wch_Libraries/Peripheral/ch32v10x_adc.o
                0x0000000000000480                ADC_RegularChannelConfig
 .text.DMA_GetFlagStatus
                0x00000000000006c8       0x5c ./wch_Libraries/Peripheral/ch32v10x_dma.o
                0x00000000000006c8                DMA_GetFlagStatus
 .text.DMA_ClearFlag
                0x0000000000000724       0x38 ./wch_Libraries/Peripheral/ch32v10x_dma.o
                0x0000000000000724                DMA_ClearFlag
 .text.EXTI_GetITStatus
                0x000000000000075c       0x56 ./wch_Libraries/Peripheral/ch32v10x_exti.o
                0x000000000000075c                EXTI_GetITStatus
 .text.EXTI_ClearITPendingBit
                0x00000000000007b2       0x20 ./wch_Libraries/Peripheral/ch32v10x_exti.o
                0x00000000000007b2                EXTI_ClearITPendingBit
 .text.GPIO_DeInit
                0x00000000000007d2      0x10a ./wch_Libraries/Peripheral/ch32v10x_gpio.o
                0x00000000000007d2                GPIO_DeInit
 .text.GPIO_Init
                0x00000000000008dc      0x22a ./wch_Libraries/Peripheral/ch32v10x_gpio.o
                0x00000000000008dc                GPIO_Init
 .text.GPIO_WriteBit
                0x0000000000000b06       0x38 ./wch_Libraries/Peripheral/ch32v10x_gpio.o
                0x0000000000000b06                GPIO_WriteBit
 .text.GPIO_PinRemapConfig
                0x0000000000000b3e      0x13c ./wch_Libraries/Peripheral/ch32v10x_gpio.o
                0x0000000000000b3e                GPIO_PinRemapConfig
 .text.NVIC_EnableIRQ
                0x0000000000000c7a       0x32 ./wch_Libraries/Peripheral/ch32v10x_misc.o
 .text.NVIC_DisableIRQ
                0x0000000000000cac       0x32 ./wch_Libraries/Peripheral/ch32v10x_misc.o
 .text.NVIC_SetPriority
                0x0000000000000cde       0x2a ./wch_Libraries/Peripheral/ch32v10x_misc.o
 .text.NVIC_Init
                0x0000000000000d08       0xc4 ./wch_Libraries/Peripheral/ch32v10x_misc.o
                0x0000000000000d08                NVIC_Init
 .text.RCC_ADCCLKConfig
                0x0000000000000dcc       0x46 ./wch_Libraries/Peripheral/ch32v10x_rcc.o
                0x0000000000000dcc                RCC_ADCCLKConfig
 .text.RCC_GetClocksFreq
                0x0000000000000e12      0x21a ./wch_Libraries/Peripheral/ch32v10x_rcc.o
                0x0000000000000e12                RCC_GetClocksFreq
 .text.RCC_APB2PeriphClockCmd
                0x000000000000102c       0x46 ./wch_Libraries/Peripheral/ch32v10x_rcc.o
                0x000000000000102c                RCC_APB2PeriphClockCmd
 .text.RCC_APB1PeriphClockCmd
                0x0000000000001072       0x46 ./wch_Libraries/Peripheral/ch32v10x_rcc.o
                0x0000000000001072                RCC_APB1PeriphClockCmd
 .text.RCC_APB2PeriphResetCmd
                0x00000000000010b8       0x46 ./wch_Libraries/Peripheral/ch32v10x_rcc.o
                0x00000000000010b8                RCC_APB2PeriphResetCmd
 .text.SPI_Init
                0x00000000000010fe       0xf8 ./wch_Libraries/Peripheral/ch32v10x_spi.o
                0x00000000000010fe                SPI_Init
 .text.SPI_Cmd  0x00000000000011f6       0x5a ./wch_Libraries/Peripheral/ch32v10x_spi.o
                0x00000000000011f6                SPI_Cmd
 .text.TIM_TimeBaseInit
                0x0000000000001250       0xfa ./wch_Libraries/Peripheral/ch32v10x_tim.o
                0x0000000000001250                TIM_TimeBaseInit
 .text.TIM_Cmd  0x000000000000134a       0x58 ./wch_Libraries/Peripheral/ch32v10x_tim.o
                0x000000000000134a                TIM_Cmd
 .text.TIM_ITConfig
                0x00000000000013a2       0x70 ./wch_Libraries/Peripheral/ch32v10x_tim.o
                0x00000000000013a2                TIM_ITConfig
 .text.TIM_GetITStatus
                0x0000000000001412       0x70 ./wch_Libraries/Peripheral/ch32v10x_tim.o
                0x0000000000001412                TIM_GetITStatus
 .text.TIM_ClearITPendingBit
                0x0000000000001482       0x2e ./wch_Libraries/Peripheral/ch32v10x_tim.o
                0x0000000000001482                TIM_ClearITPendingBit
 .text.USART_Init
                0x00000000000014b0      0x234 ./wch_Libraries/Peripheral/ch32v10x_usart.o
                0x00000000000014b0                USART_Init
 .text.USART_Cmd
                0x00000000000016e4       0x60 ./wch_Libraries/Peripheral/ch32v10x_usart.o
                0x00000000000016e4                USART_Cmd
 .text.USART_SendData
                0x0000000000001744       0x2e ./wch_Libraries/Peripheral/ch32v10x_usart.o
                0x0000000000001744                USART_SendData
 .text.USART_GetFlagStatus
                0x0000000000001772       0x46 ./wch_Libraries/Peripheral/ch32v10x_usart.o
                0x0000000000001772                USART_GetFlagStatus
 .text.USART_GetITStatus
                0x00000000000017b8      0x102 ./wch_Libraries/Peripheral/ch32v10x_usart.o
                0x00000000000017b8                USART_GetITStatus
 .text.USART_ClearITPendingBit
                0x00000000000018ba       0x4e ./wch_Libraries/Peripheral/ch32v10x_usart.o
                0x00000000000018ba                USART_ClearITPendingBit
 .text.bluetooth_ch9141_uart_callback
                0x0000000000001908       0x96 ./seekfree_peripheral/SEEKFREE_BLUETOOTH_CH9141.o
                0x0000000000001908                bluetooth_ch9141_uart_callback
 .text.bluetooth_ch9141_check_response
                0x000000000000199e       0x4a ./seekfree_peripheral/SEEKFREE_BLUETOOTH_CH9141.o
                0x000000000000199e                bluetooth_ch9141_check_response
 .text.simiic_delay
                0x00000000000019e8       0x32 ./seekfree_peripheral/SEEKFREE_IIC.o
                0x00000000000019e8                simiic_delay
 .text.simiic_start
                0x0000000000001a1a       0x4e ./seekfree_peripheral/SEEKFREE_IIC.o
                0x0000000000001a1a                simiic_start
 .text.simiic_stop
                0x0000000000001a68       0x50 ./seekfree_peripheral/SEEKFREE_IIC.o
                0x0000000000001a68                simiic_stop
 .text.simiic_sendack
                0x0000000000001ab8       0x6c ./seekfree_peripheral/SEEKFREE_IIC.o
                0x0000000000001ab8                simiic_sendack
 .text.sccb_waitack
                0x0000000000001b24       0x62 ./seekfree_peripheral/SEEKFREE_IIC.o
 .text.send_ch  0x0000000000001b86       0x80 ./seekfree_peripheral/SEEKFREE_IIC.o
                0x0000000000001b86                send_ch
 .text.read_ch  0x0000000000001c06       0xb2 ./seekfree_peripheral/SEEKFREE_IIC.o
                0x0000000000001c06                read_ch
 .text.simiic_write_reg
                0x0000000000001cb8       0x4a ./seekfree_peripheral/SEEKFREE_IIC.o
                0x0000000000001cb8                simiic_write_reg
 .text.simiic_read_reg
                0x0000000000001d02       0x74 ./seekfree_peripheral/SEEKFREE_IIC.o
                0x0000000000001d02                simiic_read_reg
 .text.simiic_read_regs
                0x0000000000001d76       0xaa ./seekfree_peripheral/SEEKFREE_IIC.o
                0x0000000000001d76                simiic_read_regs
 .text.simiic_init
                0x0000000000001e20       0x32 ./seekfree_peripheral/SEEKFREE_IIC.o
                0x0000000000001e20                simiic_init
 .text.ips114_writeIndex
                0x0000000000001e52       0x52 ./seekfree_peripheral/SEEKFREE_IPS114_SPI.o
                0x0000000000001e52                ips114_writeIndex
 .text.ips114_writeData
                0x0000000000001ea4       0x52 ./seekfree_peripheral/SEEKFREE_IPS114_SPI.o
                0x0000000000001ea4                ips114_writeData
 .text.ips114_writedata_16bit
                0x0000000000001ef6       0x70 ./seekfree_peripheral/SEEKFREE_IPS114_SPI.o
                0x0000000000001ef6                ips114_writedata_16bit
 .text.ips114_init
                0x0000000000001f66      0x260 ./seekfree_peripheral/SEEKFREE_IPS114_SPI.o
                0x0000000000001f66                ips114_init
 .text.ips114_set_region
                0x00000000000021c6       0x7e ./seekfree_peripheral/SEEKFREE_IPS114_SPI.o
                0x00000000000021c6                ips114_set_region
 .text.ips114_clear
                0x0000000000002244       0x66 ./seekfree_peripheral/SEEKFREE_IPS114_SPI.o
                0x0000000000002244                ips114_clear
 .text.ips114_showchar
                0x00000000000022aa       0xe6 ./seekfree_peripheral/SEEKFREE_IPS114_SPI.o
                0x00000000000022aa                ips114_showchar
 .text.ips114_showstr
                0x0000000000002390       0x7c ./seekfree_peripheral/SEEKFREE_IPS114_SPI.o
                0x0000000000002390                ips114_showstr
 .text.mpu6050_self1_check
                0x000000000000240c       0x66 ./seekfree_peripheral/SEEKFREE_MPU6050.o
                0x000000000000240c                mpu6050_self1_check
 .text.mpu6050_init
                0x0000000000002472       0x9c ./seekfree_peripheral/SEEKFREE_MPU6050.o
                0x0000000000002472                mpu6050_init
 .text.mpu6050_get_accdata
                0x000000000000250e       0x88 ./seekfree_peripheral/SEEKFREE_MPU6050.o
                0x000000000000250e                mpu6050_get_accdata
 .text.mt9v03x_uart_callback
                0x0000000000002596       0x70 ./seekfree_peripheral/SEEKFREE_MT9V03X.o
                0x0000000000002596                mt9v03x_uart_callback
 .text.mt9v03x_vsync
                0x0000000000002606       0x5c ./seekfree_peripheral/SEEKFREE_MT9V03X.o
                0x0000000000002606                mt9v03x_vsync
 .text.mt9v03x_dma
                0x0000000000002662       0x56 ./seekfree_peripheral/SEEKFREE_MT9V03X.o
                0x0000000000002662                mt9v03x_dma
 .text.ov7725_cof_uart_interrupt
                0x00000000000026b8       0x70 ./seekfree_peripheral/SEEKFREE_UART_7725.o
                0x00000000000026b8                ov7725_cof_uart_interrupt
 .text.ov7725_uart_vsync
                0x0000000000002728       0x5c ./seekfree_peripheral/SEEKFREE_UART_7725.o
                0x0000000000002728                ov7725_uart_vsync
 .text.ov7725_uart_dma
                0x0000000000002784       0x56 ./seekfree_peripheral/SEEKFREE_UART_7725.o
                0x0000000000002784                ov7725_uart_dma
 .text.wireless_uart_callback
                0x00000000000027da       0x26 ./seekfree_peripheral/SEEKFREE_WIRELESS.o
                0x00000000000027da                wireless_uart_callback
 .text.board_init
                0x0000000000002800       0x74 ./seekfree_libraries/board.o
                0x0000000000002800                board_init
 .text._write   0x0000000000002874       0x78 ./seekfree_libraries/board.o
                0x0000000000002874                _write
 .text.SetSysClock
                0x00000000000028ec      0x140 ./seekfree_libraries/clock_config.o
 .text.SystemInit
                0x0000000000002a2c       0x7c ./seekfree_libraries/clock_config.o
                0x0000000000002a2c                SystemInit
 .text.adc_gpio_init
                0x0000000000002aa8      0x180 ./seekfree_libraries/zf_adc.o
                0x0000000000002aa8                adc_gpio_init
 .text.adc_init
                0x0000000000002c28       0xca ./seekfree_libraries/zf_adc.o
                0x0000000000002c28                adc_init
 .text.adc_convert
                0x0000000000002cf2       0x74 ./seekfree_libraries/zf_adc.o
                0x0000000000002cf2                adc_convert
 .text.adc_mean_filter
                0x0000000000002d66       0x90 ./seekfree_libraries/zf_adc.o
                0x0000000000002d66                adc_mean_filter
 .text.gpio_init
                0x0000000000002df6      0x1a4 ./seekfree_libraries/zf_gpio.o
                0x0000000000002df6                gpio_init
 .text.gpio_get
                0x0000000000002f9a       0x56 ./seekfree_libraries/zf_gpio.o
                0x0000000000002f9a                gpio_get
 .text.nvic_init
                0x0000000000002ff0       0x58 ./seekfree_libraries/zf_nvic.o
                0x0000000000002ff0                nvic_init
 .text.DisableGlobalIRQ
                0x0000000000003048       0x18 ./seekfree_libraries/zf_nvic.o
                0x0000000000003048                DisableGlobalIRQ
 .text.EnableGlobalIRQ
                0x0000000000003060       0x26 ./seekfree_libraries/zf_nvic.o
                0x0000000000003060                EnableGlobalIRQ
 .text.timer_pit_interrupt_ms
                0x0000000000003086      0x186 ./seekfree_libraries/zf_pit.o
                0x0000000000003086                timer_pit_interrupt_ms
 .text.spi_gpio_init
                0x000000000000320c      0x18e ./seekfree_libraries/zf_spi.o
                0x000000000000320c                spi_gpio_init
 .text.spi_init
                0x000000000000339a      0x13a ./seekfree_libraries/zf_spi.o
                0x000000000000339a                spi_init
 .text.spi_mosi
                0x00000000000034d4       0xc2 ./seekfree_libraries/zf_spi.o
                0x00000000000034d4                spi_mosi
 .text.systick_delay
                0x0000000000003596       0x94 ./seekfree_libraries/zf_systick.o
                0x0000000000003596                systick_delay
 .text.uart_gpio_init
                0x000000000000362a       0xec ./seekfree_libraries/zf_uart.o
                0x000000000000362a                uart_gpio_init
 .text.uart_init
                0x0000000000003716      0x104 ./seekfree_libraries/zf_uart.o
                0x0000000000003716                uart_init
 .text.uart_putchar
                0x000000000000381a       0x56 ./seekfree_libraries/zf_uart.o
                0x000000000000381a                uart_putchar
 .text.uart_putstr
                0x0000000000003870       0x3e ./seekfree_libraries/zf_uart.o
                0x0000000000003870                uart_putstr
 .text.USB_DevTransProcess
                0x00000000000038ae      0xa72 ./seekfree_libraries/zf_usb_cdc.o
                0x00000000000038ae                USB_DevTransProcess
 .text.USBHD_IRQHandler
                0x0000000000004320       0x14 ./seekfree_libraries/zf_usb_cdc.o
                0x0000000000004320                USBHD_IRQHandler
 .text.EXTI0_IRQHandler
                0x0000000000004334       0x10 ./USER/isr.o
                0x0000000000004334                EXTI0_IRQHandler
 .text.EXTI1_IRQHandler
                0x0000000000004344       0x42 ./USER/isr.o
                0x0000000000004344                EXTI1_IRQHandler
 .text.EXTI2_IRQHandler
                0x0000000000004386       0x10 ./USER/isr.o
                0x0000000000004386                EXTI2_IRQHandler
 .text.EXTI3_IRQHandler
                0x0000000000004396       0x10 ./USER/isr.o
                0x0000000000004396                EXTI3_IRQHandler
 .text.EXTI4_IRQHandler
                0x00000000000043a6       0x10 ./USER/isr.o
                0x00000000000043a6                EXTI4_IRQHandler
 .text.EXTI9_5_IRQHandler
                0x00000000000043b6       0x10 ./USER/isr.o
                0x00000000000043b6                EXTI9_5_IRQHandler
 .text.EXTI15_10_IRQHandler
                0x00000000000043c6       0x10 ./USER/isr.o
                0x00000000000043c6                EXTI15_10_IRQHandler
 .text.ADC1_2_IRQHandler
                0x00000000000043d6       0x10 ./USER/isr.o
                0x00000000000043d6                ADC1_2_IRQHandler
 .text.TIM1_BRK_IRQHandler
                0x00000000000043e6       0x34 ./USER/isr.o
                0x00000000000043e6                TIM1_BRK_IRQHandler
 .text.TIM1_UP_IRQHandler
                0x000000000000441a       0x32 ./USER/isr.o
                0x000000000000441a                TIM1_UP_IRQHandler
 .text.TIM1_TRG_COM_IRQHandler
                0x000000000000444c       0x58 ./USER/isr.o
                0x000000000000444c                TIM1_TRG_COM_IRQHandler
 .text.TIM1_CC_IRQHandler
                0x00000000000044a4       0x90 ./USER/isr.o
                0x00000000000044a4                TIM1_CC_IRQHandler
 .text.TIM2_IRQHandler
                0x0000000000004534       0x2a ./USER/isr.o
                0x0000000000004534                TIM2_IRQHandler
 .text.TIM3_IRQHandler
                0x000000000000455e       0x30 ./USER/isr.o
                0x000000000000455e                TIM3_IRQHandler
 .text.TIM4_IRQHandler
                0x000000000000458e       0x30 ./USER/isr.o
                0x000000000000458e                TIM4_IRQHandler
 .text.USART1_IRQHandler
                0x00000000000045be       0x52 ./USER/isr.o
                0x00000000000045be                USART1_IRQHandler
 .text.USART2_IRQHandler
                0x0000000000004610       0x52 ./USER/isr.o
                0x0000000000004610                USART2_IRQHandler
 .text.USART3_IRQHandler
                0x0000000000004662       0x10 ./USER/isr.o
                0x0000000000004662                USART3_IRQHandler
 .text.DMA1_Channel4_IRQHandler
                0x0000000000004672       0x42 ./USER/isr.o
                0x0000000000004672                DMA1_Channel4_IRQHandler
 .text.NMI_Handler
                0x00000000000046b4       0x10 ./USER/isr.o
                0x00000000000046b4                NMI_Handler
 .text.HardFault_Handler
                0x00000000000046c4        0x8 ./USER/isr.o
                0x00000000000046c4                HardFault_Handler
 .text.main     0x00000000000046cc       0x62 ./USER/main.o
                0x00000000000046cc                main
 .text.Key_Init
                0x000000000000472e       0x82 ./CODE/key.o
                0x000000000000472e                Key_Init
 .text.Key_Scan
                0x00000000000047b0       0xd6 ./CODE/key.o
                0x00000000000047b0                Key_Scan
 .text.community_control
                0x0000000000004886       0x7c ./CODE/key.o
                0x0000000000004886                community_control
 .text.Menu_key_set
                0x0000000000004902       0x9c ./CODE/menu.o
                0x0000000000004902                Menu_key_set
 .text.Main_1   0x000000000000499e       0x3c ./CODE/menu.o
                0x000000000000499e                Main_1
 .text.Main_2   0x00000000000049da       0x3c ./CODE/menu.o
                0x00000000000049da                Main_2
 .text.Main_3   0x0000000000004a16       0x3c ./CODE/menu.o
                0x0000000000004a16                Main_3
 .text.Branch_11
                0x0000000000004a52      0x228 ./CODE/menu.o
                0x0000000000004a52                Branch_11
 .text.Branch_21
                0x0000000000004c7a      0x2c4 ./CODE/menu.o
                0x0000000000004c7a                Branch_21
 .text.Branch_31
                0x0000000000004f3e      0x2a4 ./CODE/menu.o
                0x0000000000004f3e                Branch_31
 .text.__assert_func
                0x00000000000051e2       0x3a d:/mounriver/mounriver_studio/mounriver_studio/toolchain/risc-v embedded gcc/bin/../lib/gcc/riscv-none-embed/8.2.0/../../../../riscv-none-embed/lib/rv32imac/ilp32\libg_nano.a(lib_a-assert.o)
                0x00000000000051e2                __assert_func
 .text.fprintf  0x000000000000521c       0x26 d:/mounriver/mounriver_studio/mounriver_studio/toolchain/risc-v embedded gcc/bin/../lib/gcc/riscv-none-embed/8.2.0/../../../../riscv-none-embed/lib/rv32imac/ilp32\libg_nano.a(lib_a-fprintf.o)
                0x000000000000521c                fiprintf
                0x000000000000521c                fprintf
 .text.memcpy   0x0000000000005242       0xb6 d:/mounriver/mounriver_studio/mounriver_studio/toolchain/risc-v embedded gcc/bin/../lib/gcc/riscv-none-embed/8.2.0/../../../../riscv-none-embed/lib/rv32imac/ilp32\libg_nano.a(lib_a-memcpy.o)
                0x0000000000005242                memcpy
 .text.__sfputc_r
                0x00000000000052f8       0x28 d:/mounriver/mounriver_studio/mounriver_studio/toolchain/risc-v embedded gcc/bin/../lib/gcc/riscv-none-embed/8.2.0/../../../../riscv-none-embed/lib/rv32imac/ilp32\libg_nano.a(lib_a-nano-vfprintf.o)
 .text.__sfputs_r
                0x0000000000005320       0x44 d:/mounriver/mounriver_studio/mounriver_studio/toolchain/risc-v embedded gcc/bin/../lib/gcc/riscv-none-embed/8.2.0/../../../../riscv-none-embed/lib/rv32imac/ilp32\libg_nano.a(lib_a-nano-vfprintf.o)
                0x0000000000005320                __sfputs_r
 .text._vfprintf_r
                0x0000000000005364      0x2a0 d:/mounriver/mounriver_studio/mounriver_studio/toolchain/risc-v embedded gcc/bin/../lib/gcc/riscv-none-embed/8.2.0/../../../../riscv-none-embed/lib/rv32imac/ilp32\libg_nano.a(lib_a-nano-vfprintf.o)
                0x0000000000005364                _vfprintf_r
                0x0000000000005364                _vfiprintf_r
 .text._printf_common
                0x0000000000005604      0x10c d:/mounriver/mounriver_studio/mounriver_studio/toolchain/risc-v embedded gcc/bin/../lib/gcc/riscv-none-embed/8.2.0/../../../../riscv-none-embed/lib/rv32imac/ilp32\libg_nano.a(lib_a-nano-vfprintf_i.o)
                0x0000000000005604                _printf_common
 .text._printf_i
                0x0000000000005710      0x2ac d:/mounriver/mounriver_studio/mounriver_studio/toolchain/risc-v embedded gcc/bin/../lib/gcc/riscv-none-embed/8.2.0/../../../../riscv-none-embed/lib/rv32imac/ilp32\libg_nano.a(lib_a-nano-vfprintf_i.o)
                0x0000000000005710                _printf_i
 .text.strncmp  0x00000000000059bc       0x2c d:/mounriver/mounriver_studio/mounriver_studio/toolchain/risc-v embedded gcc/bin/../lib/gcc/riscv-none-embed/8.2.0/../../../../riscv-none-embed/lib/rv32imac/ilp32\libg_nano.a(lib_a-strncmp.o)
                0x00000000000059bc                strncmp
 .text.__swbuf_r
                0x00000000000059e8       0xc0 d:/mounriver/mounriver_studio/mounriver_studio/toolchain/risc-v embedded gcc/bin/../lib/gcc/riscv-none-embed/8.2.0/../../../../riscv-none-embed/lib/rv32imac/ilp32\libg_nano.a(lib_a-wbuf.o)
                0x00000000000059e8                __swbuf_r
 .text.__swsetup_r
                0x0000000000005aa8      0x10c d:/mounriver/mounriver_studio/mounriver_studio/toolchain/risc-v embedded gcc/bin/../lib/gcc/riscv-none-embed/8.2.0/../../../../riscv-none-embed/lib/rv32imac/ilp32\libg_nano.a(lib_a-wsetup.o)
                0x0000000000005aa8                __swsetup_r
 .text.abort    0x0000000000005bb4        0xe d:/mounriver/mounriver_studio/mounriver_studio/toolchain/risc-v embedded gcc/bin/../lib/gcc/riscv-none-embed/8.2.0/../../../../riscv-none-embed/lib/rv32imac/ilp32\libg_nano.a(lib_a-abort.o)
                0x0000000000005bb4                abort
 .text.__sflush_r
                0x0000000000005bc2      0x13c d:/mounriver/mounriver_studio/mounriver_studio/toolchain/risc-v embedded gcc/bin/../lib/gcc/riscv-none-embed/8.2.0/../../../../riscv-none-embed/lib/rv32imac/ilp32\libg_nano.a(lib_a-fflush.o)
                0x0000000000005bc2                __sflush_r
 .text._fflush_r
                0x0000000000005cfe       0x66 d:/mounriver/mounriver_studio/mounriver_studio/toolchain/risc-v embedded gcc/bin/../lib/gcc/riscv-none-embed/8.2.0/../../../../riscv-none-embed/lib/rv32imac/ilp32\libg_nano.a(lib_a-fflush.o)
                0x0000000000005cfe                _fflush_r
 .text.std      0x0000000000005d64       0x6a d:/mounriver/mounriver_studio/mounriver_studio/toolchain/risc-v embedded gcc/bin/../lib/gcc/riscv-none-embed/8.2.0/../../../../riscv-none-embed/lib/rv32imac/ilp32\libg_nano.a(lib_a-findfp.o)
 .text._cleanup_r
                0x0000000000005dce        0xa d:/mounriver/mounriver_studio/mounriver_studio/toolchain/risc-v embedded gcc/bin/../lib/gcc/riscv-none-embed/8.2.0/../../../../riscv-none-embed/lib/rv32imac/ilp32\libg_nano.a(lib_a-findfp.o)
                0x0000000000005dce                _cleanup_r
 .text.__sfmoreglue
                0x0000000000005dd8       0x46 d:/mounriver/mounriver_studio/mounriver_studio/toolchain/risc-v embedded gcc/bin/../lib/gcc/riscv-none-embed/8.2.0/../../../../riscv-none-embed/lib/rv32imac/ilp32\libg_nano.a(lib_a-findfp.o)
                0x0000000000005dd8                __sfmoreglue
 .text.__sinit  0x0000000000005e1e       0x6c d:/mounriver/mounriver_studio/mounriver_studio/toolchain/risc-v embedded gcc/bin/../lib/gcc/riscv-none-embed/8.2.0/../../../../riscv-none-embed/lib/rv32imac/ilp32\libg_nano.a(lib_a-findfp.o)
                0x0000000000005e1e                __sinit
 .text.__sfp    0x0000000000005e8a       0xa0 d:/mounriver/mounriver_studio/mounriver_studio/toolchain/risc-v embedded gcc/bin/../lib/gcc/riscv-none-embed/8.2.0/../../../../riscv-none-embed/lib/rv32imac/ilp32\libg_nano.a(lib_a-findfp.o)
                0x0000000000005e8a                __sfp
 .text._fwalk_reent
                0x0000000000005f2a       0x6c d:/mounriver/mounriver_studio/mounriver_studio/toolchain/risc-v embedded gcc/bin/../lib/gcc/riscv-none-embed/8.2.0/../../../../riscv-none-embed/lib/rv32imac/ilp32\libg_nano.a(lib_a-fwalk.o)
                0x0000000000005f2a                _fwalk_reent
 .text.__swhatbuf_r
                0x0000000000005f96       0x58 d:/mounriver/mounriver_studio/mounriver_studio/toolchain/risc-v embedded gcc/bin/../lib/gcc/riscv-none-embed/8.2.0/../../../../riscv-none-embed/lib/rv32imac/ilp32\libg_nano.a(lib_a-makebuf.o)
                0x0000000000005f96                __swhatbuf_r
 .text.__smakebuf_r
                0x0000000000005fee       0x9e d:/mounriver/mounriver_studio/mounriver_studio/toolchain/risc-v embedded gcc/bin/../lib/gcc/riscv-none-embed/8.2.0/../../../../riscv-none-embed/lib/rv32imac/ilp32\libg_nano.a(lib_a-makebuf.o)
                0x0000000000005fee                __smakebuf_r
 .text.memchr   0x000000000000608c       0x1a d:/mounriver/mounriver_studio/mounriver_studio/toolchain/risc-v embedded gcc/bin/../lib/gcc/riscv-none-embed/8.2.0/../../../../riscv-none-embed/lib/rv32imac/ilp32\libg_nano.a(lib_a-memchr.o)
                0x000000000000608c                memchr
 .text._free_r  0x00000000000060a6       0xa4 d:/mounriver/mounriver_studio/mounriver_studio/toolchain/risc-v embedded gcc/bin/../lib/gcc/riscv-none-embed/8.2.0/../../../../riscv-none-embed/lib/rv32imac/ilp32\libg_nano.a(lib_a-nano-freer.o)
                0x00000000000060a6                _free_r
 .text._malloc_r
                0x000000000000614a       0xce d:/mounriver/mounriver_studio/mounriver_studio/toolchain/risc-v embedded gcc/bin/../lib/gcc/riscv-none-embed/8.2.0/../../../../riscv-none-embed/lib/rv32imac/ilp32\libg_nano.a(lib_a-nano-mallocr.o)
                0x000000000000614a                _malloc_r
 .text._sbrk_r  0x0000000000006218       0x28 d:/mounriver/mounriver_studio/mounriver_studio/toolchain/risc-v embedded gcc/bin/../lib/gcc/riscv-none-embed/8.2.0/../../../../riscv-none-embed/lib/rv32imac/ilp32\libg_nano.a(lib_a-sbrkr.o)
                0x0000000000006218                _sbrk_r
 .text._raise_r
                0x0000000000006240       0x62 d:/mounriver/mounriver_studio/mounriver_studio/toolchain/risc-v embedded gcc/bin/../lib/gcc/riscv-none-embed/8.2.0/../../../../riscv-none-embed/lib/rv32imac/ilp32\libg_nano.a(lib_a-signal.o)
                0x0000000000006240                _raise_r
 .text.raise    0x00000000000062a2        0xc d:/mounriver/mounriver_studio/mounriver_studio/toolchain/risc-v embedded gcc/bin/../lib/gcc/riscv-none-embed/8.2.0/../../../../riscv-none-embed/lib/rv32imac/ilp32\libg_nano.a(lib_a-signal.o)
                0x00000000000062a2                raise
 .text._kill_r  0x00000000000062ae       0x2a d:/mounriver/mounriver_studio/mounriver_studio/toolchain/risc-v embedded gcc/bin/../lib/gcc/riscv-none-embed/8.2.0/../../../../riscv-none-embed/lib/rv32imac/ilp32\libg_nano.a(lib_a-signalr.o)
                0x00000000000062ae                _kill_r
 .text._getpid_r
                0x00000000000062d8        0x2 d:/mounriver/mounriver_studio/mounriver_studio/toolchain/risc-v embedded gcc/bin/../lib/gcc/riscv-none-embed/8.2.0/../../../../riscv-none-embed/lib/rv32imac/ilp32\libg_nano.a(lib_a-signalr.o)
                0x00000000000062d8                _getpid_r
 .text.__sread  0x00000000000062da       0x30 d:/mounriver/mounriver_studio/mounriver_studio/toolchain/risc-v embedded gcc/bin/../lib/gcc/riscv-none-embed/8.2.0/../../../../riscv-none-embed/lib/rv32imac/ilp32\libg_nano.a(lib_a-stdio.o)
                0x00000000000062da                __sread
 .text.__swrite
                0x000000000000630a       0x4e d:/mounriver/mounriver_studio/mounriver_studio/toolchain/risc-v embedded gcc/bin/../lib/gcc/riscv-none-embed/8.2.0/../../../../riscv-none-embed/lib/rv32imac/ilp32\libg_nano.a(lib_a-stdio.o)
                0x000000000000630a                __swrite
 .text.__sseek  0x0000000000006358       0x36 d:/mounriver/mounriver_studio/mounriver_studio/toolchain/risc-v embedded gcc/bin/../lib/gcc/riscv-none-embed/8.2.0/../../../../riscv-none-embed/lib/rv32imac/ilp32\libg_nano.a(lib_a-stdio.o)
                0x0000000000006358                __sseek
 .text.__sclose
                0x000000000000638e        0x6 d:/mounriver/mounriver_studio/mounriver_studio/toolchain/risc-v embedded gcc/bin/../lib/gcc/riscv-none-embed/8.2.0/../../../../riscv-none-embed/lib/rv32imac/ilp32\libg_nano.a(lib_a-stdio.o)
                0x000000000000638e                __sclose
 .text._write_r
                0x0000000000006394       0x2e d:/mounriver/mounriver_studio/mounriver_studio/toolchain/risc-v embedded gcc/bin/../lib/gcc/riscv-none-embed/8.2.0/../../../../riscv-none-embed/lib/rv32imac/ilp32\libg_nano.a(lib_a-writer.o)
                0x0000000000006394                _write_r
 .text._close_r
                0x00000000000063c2       0x28 d:/mounriver/mounriver_studio/mounriver_studio/toolchain/risc-v embedded gcc/bin/../lib/gcc/riscv-none-embed/8.2.0/../../../../riscv-none-embed/lib/rv32imac/ilp32\libg_nano.a(lib_a-closer.o)
                0x00000000000063c2                _close_r
 .text._fstat_r
                0x00000000000063ea       0x2a d:/mounriver/mounriver_studio/mounriver_studio/toolchain/risc-v embedded gcc/bin/../lib/gcc/riscv-none-embed/8.2.0/../../../../riscv-none-embed/lib/rv32imac/ilp32\libg_nano.a(lib_a-fstatr.o)
                0x00000000000063ea                _fstat_r
 .text._isatty_r
                0x0000000000006414       0x28 d:/mounriver/mounriver_studio/mounriver_studio/toolchain/risc-v embedded gcc/bin/../lib/gcc/riscv-none-embed/8.2.0/../../../../riscv-none-embed/lib/rv32imac/ilp32\libg_nano.a(lib_a-isattyr.o)
                0x0000000000006414                _isatty_r
 .text._lseek_r
                0x000000000000643c       0x2c d:/mounriver/mounriver_studio/mounriver_studio/toolchain/risc-v embedded gcc/bin/../lib/gcc/riscv-none-embed/8.2.0/../../../../riscv-none-embed/lib/rv32imac/ilp32\libg_nano.a(lib_a-lseekr.o)
                0x000000000000643c                _lseek_r
 .text.__malloc_lock
                0x0000000000006468        0x2 d:/mounriver/mounriver_studio/mounriver_studio/toolchain/risc-v embedded gcc/bin/../lib/gcc/riscv-none-embed/8.2.0/../../../../riscv-none-embed/lib/rv32imac/ilp32\libg_nano.a(lib_a-mlock.o)
                0x0000000000006468                __malloc_lock
 .text.__malloc_unlock
                0x000000000000646a        0x2 d:/mounriver/mounriver_studio/mounriver_studio/toolchain/risc-v embedded gcc/bin/../lib/gcc/riscv-none-embed/8.2.0/../../../../riscv-none-embed/lib/rv32imac/ilp32\libg_nano.a(lib_a-mlock.o)
                0x000000000000646a                __malloc_unlock
 .text._read_r  0x000000000000646c       0x2c d:/mounriver/mounriver_studio/mounriver_studio/toolchain/risc-v embedded gcc/bin/../lib/gcc/riscv-none-embed/8.2.0/../../../../riscv-none-embed/lib/rv32imac/ilp32\libg_nano.a(lib_a-readr.o)
                0x000000000000646c                _read_r
 .text._close   0x0000000000006498        0xc d:/mounriver/mounriver_studio/mounriver_studio/toolchain/risc-v embedded gcc/bin/../lib/gcc/riscv-none-embed/8.2.0/../../../../riscv-none-embed/lib/rv32imac/ilp32\libnosys.a(close.o)
                0x0000000000006498                _close
 .text._fstat   0x00000000000064a4        0xc d:/mounriver/mounriver_studio/mounriver_studio/toolchain/risc-v embedded gcc/bin/../lib/gcc/riscv-none-embed/8.2.0/../../../../riscv-none-embed/lib/rv32imac/ilp32\libnosys.a(fstat.o)
                0x00000000000064a4                _fstat
 .text._getpid  0x00000000000064b0        0xc d:/mounriver/mounriver_studio/mounriver_studio/toolchain/risc-v embedded gcc/bin/../lib/gcc/riscv-none-embed/8.2.0/../../../../riscv-none-embed/lib/rv32imac/ilp32\libnosys.a(getpid.o)
                0x00000000000064b0                _getpid
 .text._isatty  0x00000000000064bc        0xc d:/mounriver/mounriver_studio/mounriver_studio/toolchain/risc-v embedded gcc/bin/../lib/gcc/riscv-none-embed/8.2.0/../../../../riscv-none-embed/lib/rv32imac/ilp32\libnosys.a(isatty.o)
                0x00000000000064bc                _isatty
 .text._kill    0x00000000000064c8        0xc d:/mounriver/mounriver_studio/mounriver_studio/toolchain/risc-v embedded gcc/bin/../lib/gcc/riscv-none-embed/8.2.0/../../../../riscv-none-embed/lib/rv32imac/ilp32\libnosys.a(kill.o)
                0x00000000000064c8                _kill
 .text._lseek   0x00000000000064d4        0xc d:/mounriver/mounriver_studio/mounriver_studio/toolchain/risc-v embedded gcc/bin/../lib/gcc/riscv-none-embed/8.2.0/../../../../riscv-none-embed/lib/rv32imac/ilp32\libnosys.a(lseek.o)
                0x00000000000064d4                _lseek
 .text._read    0x00000000000064e0        0xc d:/mounriver/mounriver_studio/mounriver_studio/toolchain/risc-v embedded gcc/bin/../lib/gcc/riscv-none-embed/8.2.0/../../../../riscv-none-embed/lib/rv32imac/ilp32\libnosys.a(read.o)
                0x00000000000064e0                _read
 .text._sbrk    0x00000000000064ec       0x20 d:/mounriver/mounriver_studio/mounriver_studio/toolchain/risc-v embedded gcc/bin/../lib/gcc/riscv-none-embed/8.2.0/../../../../riscv-none-embed/lib/rv32imac/ilp32\libnosys.a(sbrk.o)
                0x00000000000064ec                _sbrk
 .text._exit    0x000000000000650c        0x2 d:/mounriver/mounriver_studio/mounriver_studio/toolchain/risc-v embedded gcc/bin/../lib/gcc/riscv-none-embed/8.2.0/../../../../riscv-none-embed/lib/rv32imac/ilp32\libnosys.a(_exit.o)
                0x000000000000650c                _exit
 *(.rodata)
 *fill*         0x000000000000650e        0x2 
 .rodata        0x0000000000006510      0x11b ./seekfree_peripheral/SEEKFREE_BLUETOOTH_CH9141.o
 *fill*         0x000000000000662b        0x1 
 .rodata        0x000000000000662c       0x67 ./seekfree_libraries/zf_adc.o
 *fill*         0x0000000000006693        0x1 
 .rodata        0x0000000000006694       0x67 ./seekfree_libraries/zf_pit.o
 *fill*         0x00000000000066fb        0x1 
 .rodata        0x00000000000066fc       0x63 ./seekfree_libraries/zf_spi.o
 *fill*         0x000000000000675f        0x1 
 .rodata        0x0000000000006760       0x12 ./CODE/key.o
 *fill*         0x0000000000006772        0x2 
 .rodata        0x0000000000006774       0x8a ./CODE/menu.o
 *(.rodata*)
 *fill*         0x00000000000067fe        0x2 
 .rodata.tft_ascii
                0x0000000000006800      0x5f0 ./seekfree_peripheral/SEEKFREE_FONT.o
                0x0000000000006800                tft_ascii
 .rodata.__func__.3477
                0x0000000000006df0       0x10 ./seekfree_libraries/zf_adc.o
 .rodata.GPION  0x0000000000006e00       0x10 ./seekfree_libraries/zf_gpio.o
                0x0000000000006e00                GPION
 .rodata.__func__.3549
                0x0000000000006e10       0x17 ./seekfree_libraries/zf_pit.o
 *fill*         0x0000000000006e27        0x1 
 .rodata.__func__.3350
                0x0000000000006e28        0xe ./seekfree_libraries/zf_spi.o
 *fill*         0x0000000000006e36        0x2 
 .rodata.TIMERN
                0x0000000000006e38       0x10 ./seekfree_libraries/zf_timer.o
                0x0000000000006e38                TIMERN
 .rodata.UARTN  0x0000000000006e48       0x10 ./seekfree_libraries/zf_uart.o
                0x0000000000006e48                UARTN
 .rodata.MyDevDescr
                0x0000000000006e58       0x12 ./seekfree_libraries/zf_usb_cdc.o
                0x0000000000006e58                MyDevDescr
 *fill*         0x0000000000006e6a        0x2 
 .rodata.MyCfgDescr
                0x0000000000006e6c       0x43 ./seekfree_libraries/zf_usb_cdc.o
                0x0000000000006e6c                MyCfgDescr
 *fill*         0x0000000000006eaf        0x1 
 .rodata.MyProductIDInfo
                0x0000000000006eb0       0x14 ./seekfree_libraries/zf_usb_cdc.o
                0x0000000000006eb0                MyProductIDInfo
 .rodata.MyManuInfo
                0x0000000000006ec4        0xe ./seekfree_libraries/zf_usb_cdc.o
                0x0000000000006ec4                MyManuInfo
 *fill*         0x0000000000006ed2        0x2 
 .rodata.MyProdInfo
                0x0000000000006ed4        0xc ./seekfree_libraries/zf_usb_cdc.o
                0x0000000000006ed4                MyProdInfo
 .rodata.USB_DevTransProcess
                0x0000000000006ee0       0xf0 ./seekfree_libraries/zf_usb_cdc.o
 .rodata.__assert_func.str1.4
                0x0000000000006fd0       0x3f d:/mounriver/mounriver_studio/mounriver_studio/toolchain/risc-v embedded gcc/bin/../lib/gcc/riscv-none-embed/8.2.0/../../../../riscv-none-embed/lib/rv32imac/ilp32\libg_nano.a(lib_a-assert.o)
                                         0x43 (size before relaxing)
 *fill*         0x000000000000700f        0x1 
 .rodata._vfprintf_r.str1.4
                0x0000000000007010       0x13 d:/mounriver/mounriver_studio/mounriver_studio/toolchain/risc-v embedded gcc/bin/../lib/gcc/riscv-none-embed/8.2.0/../../../../riscv-none-embed/lib/rv32imac/ilp32\libg_nano.a(lib_a-nano-vfprintf.o)
 *fill*         0x0000000000007023        0x1 
 .rodata._printf_i.str1.4
                0x0000000000007024       0x28 d:/mounriver/mounriver_studio/mounriver_studio/toolchain/risc-v embedded gcc/bin/../lib/gcc/riscv-none-embed/8.2.0/../../../../riscv-none-embed/lib/rv32imac/ilp32\libg_nano.a(lib_a-nano-vfprintf_i.o)
                                         0x25 (size before relaxing)
 .rodata.__sf_fake_stderr
                0x000000000000704c       0x20 d:/mounriver/mounriver_studio/mounriver_studio/toolchain/risc-v embedded gcc/bin/../lib/gcc/riscv-none-embed/8.2.0/../../../../riscv-none-embed/lib/rv32imac/ilp32\libg_nano.a(lib_a-findfp.o)
                0x000000000000704c                __sf_fake_stderr
 .rodata.__sf_fake_stdin
                0x000000000000706c       0x20 d:/mounriver/mounriver_studio/mounriver_studio/toolchain/risc-v embedded gcc/bin/../lib/gcc/riscv-none-embed/8.2.0/../../../../riscv-none-embed/lib/rv32imac/ilp32\libg_nano.a(lib_a-findfp.o)
                0x000000000000706c                __sf_fake_stdin
 .rodata.__sf_fake_stdout
                0x000000000000708c       0x20 d:/mounriver/mounriver_studio/mounriver_studio/toolchain/risc-v embedded gcc/bin/../lib/gcc/riscv-none-embed/8.2.0/../../../../riscv-none-embed/lib/rv32imac/ilp32\libg_nano.a(lib_a-findfp.o)
                0x000000000000708c                __sf_fake_stdout
 *(.glue_7)
 *(.glue_7t)
 *(.gnu.linkonce.t.*)
                0x00000000000070ac                . = ALIGN (0x4)

.rela.dyn       0x00000000000070ac        0x0
 .rela.init     0x00000000000070ac        0x0 ./wch_Libraries/Startup/startup_ch32v10x.o
 .rela.vector   0x00000000000070ac        0x0 ./wch_Libraries/Startup/startup_ch32v10x.o
 .rela.text.handle_reset
                0x00000000000070ac        0x0 ./wch_Libraries/Startup/startup_ch32v10x.o
 .rela.text._vfprintf_r
                0x00000000000070ac        0x0 ./wch_Libraries/Startup/startup_ch32v10x.o
 .rela.text._sbrk_r
                0x00000000000070ac        0x0 ./wch_Libraries/Startup/startup_ch32v10x.o
 .rela.text._kill_r
                0x00000000000070ac        0x0 ./wch_Libraries/Startup/startup_ch32v10x.o
 .rela.text._write_r
                0x00000000000070ac        0x0 ./wch_Libraries/Startup/startup_ch32v10x.o
 .rela.text._close_r
                0x00000000000070ac        0x0 ./wch_Libraries/Startup/startup_ch32v10x.o
 .rela.text._fstat_r
                0x00000000000070ac        0x0 ./wch_Libraries/Startup/startup_ch32v10x.o
 .rela.text._isatty_r
                0x00000000000070ac        0x0 ./wch_Libraries/Startup/startup_ch32v10x.o
 .rela.text._lseek_r
                0x00000000000070ac        0x0 ./wch_Libraries/Startup/startup_ch32v10x.o
 .rela.text._read_r
                0x00000000000070ac        0x0 ./wch_Libraries/Startup/startup_ch32v10x.o
 .rela.text._close
                0x00000000000070ac        0x0 ./wch_Libraries/Startup/startup_ch32v10x.o
 .rela.text._fstat
                0x00000000000070ac        0x0 ./wch_Libraries/Startup/startup_ch32v10x.o
 .rela.text._getpid
                0x00000000000070ac        0x0 ./wch_Libraries/Startup/startup_ch32v10x.o
 .rela.text._isatty
                0x00000000000070ac        0x0 ./wch_Libraries/Startup/startup_ch32v10x.o
 .rela.text._kill
                0x00000000000070ac        0x0 ./wch_Libraries/Startup/startup_ch32v10x.o
 .rela.text._lseek
                0x00000000000070ac        0x0 ./wch_Libraries/Startup/startup_ch32v10x.o
 .rela.text._read
                0x00000000000070ac        0x0 ./wch_Libraries/Startup/startup_ch32v10x.o
 .rela.text._sbrk
                0x00000000000070ac        0x0 ./wch_Libraries/Startup/startup_ch32v10x.o

.fini           0x00000000000070ac        0x0
 *(SORT_NONE(.fini))
                0x00000000000070ac                . = ALIGN (0x4)
                [!provide]                        PROVIDE (_etext = .)
                [!provide]                        PROVIDE (_eitcm = .)

.preinit_array  0x00000000000070ac        0x0
                [!provide]                        PROVIDE (__preinit_array_start = .)
 *(.preinit_array)
                [!provide]                        PROVIDE (__preinit_array_end = .)

.init_array     0x00000000000070ac        0x0
                [!provide]                        PROVIDE (__init_array_start = .)
 *(SORT_BY_INIT_PRIORITY(.init_array.*) SORT_BY_INIT_PRIORITY(.ctors.*))
 *(.init_array EXCLUDE_FILE(*crtend?.o *crtend.o *crtbegin?.o *crtbegin.o) .ctors)
                [!provide]                        PROVIDE (__init_array_end = .)

.fini_array     0x00000000000070ac        0x0
                [!provide]                        PROVIDE (__fini_array_start = .)
 *(SORT_BY_INIT_PRIORITY(.fini_array.*) SORT_BY_INIT_PRIORITY(.dtors.*))
 *(.fini_array EXCLUDE_FILE(*crtend?.o *crtend.o *crtbegin?.o *crtbegin.o) .dtors)
                [!provide]                        PROVIDE (__fini_array_end = .)

.ctors
 *crtbegin.o(.ctors)
 *crtbegin?.o(.ctors)
 *(EXCLUDE_FILE(*crtend?.o *crtend.o) .ctors)
 *(SORT_BY_NAME(.ctors.*))
 *(.ctors)

.dtors
 *crtbegin.o(.dtors)
 *crtbegin?.o(.dtors)
 *(EXCLUDE_FILE(*crtend?.o *crtend.o) .dtors)
 *(SORT_BY_NAME(.dtors.*))
 *(.dtors)

.dalign         0x0000000020000000        0x0 load address 0x00000000000070ac
                0x0000000020000000                . = ALIGN (0x4)
                0x0000000020000000                PROVIDE (_data_vma = .)

.dlalign        0x00000000000070ac        0x0
                0x00000000000070ac                . = ALIGN (0x4)
                0x00000000000070ac                PROVIDE (_data_lma = .)

.data           0x0000000020000000      0x100 load address 0x00000000000070ac
 *(.gnu.linkonce.r.*)
 *(.data .data.*)
 .data.APBAHBPrescTable
                0x0000000020000000       0x10 ./wch_Libraries/Peripheral/ch32v10x_rcc.o
 .data.table    0x0000000020000010       0x68 ./CODE/menu.o
                0x0000000020000010                table
 .data.impure_data
                0x0000000020000078       0x60 d:/mounriver/mounriver_studio/mounriver_studio/toolchain/risc-v embedded gcc/bin/../lib/gcc/riscv-none-embed/8.2.0/../../../../riscv-none-embed/lib/rv32imac/ilp32\libg_nano.a(lib_a-impure.o)
 *(.gnu.linkonce.d.*)
                0x00000000200000d8                . = ALIGN (0x8)
                0x00000000200008d8                PROVIDE (__global_pointer$ = (. + 0x800))
 *(.sdata .sdata.*)
 .sdata.ADCPrescTable
                0x00000000200000d8        0x4 ./wch_Libraries/Peripheral/ch32v10x_rcc.o
 .sdata.simiic_delay_time
                0x00000000200000dc        0x2 ./seekfree_peripheral/SEEKFREE_IIC.o
 *fill*         0x00000000200000de        0x2 
 .sdata.LineCoding
                0x00000000200000e0        0x7 ./seekfree_libraries/zf_usb_cdc.o
                0x00000000200000e0                LineCoding
 .sdata.press_fix
                0x00000000200000e7        0x1 ./CODE/key.o
                0x00000000200000e7                press_fix
 .sdata._impure_ptr
                0x00000000200000e8        0x4 d:/mounriver/mounriver_studio/mounriver_studio/toolchain/risc-v embedded gcc/bin/../lib/gcc/riscv-none-embed/8.2.0/../../../../riscv-none-embed/lib/rv32imac/ilp32\libg_nano.a(lib_a-impure.o)
                0x00000000200000e8                _impure_ptr
 *(.sdata2.*)
 .sdata2.SPIN   0x00000000200000ec        0x8 ./seekfree_libraries/zf_spi.o
                0x00000000200000ec                SPIN
 .sdata2.MyLangDescr
                0x00000000200000f4        0x4 ./seekfree_libraries/zf_usb_cdc.o
                0x00000000200000f4                MyLangDescr
 .sdata2._global_impure_ptr
                0x00000000200000f8        0x4 d:/mounriver/mounriver_studio/mounriver_studio/toolchain/risc-v embedded gcc/bin/../lib/gcc/riscv-none-embed/8.2.0/../../../../riscv-none-embed/lib/rv32imac/ilp32\libg_nano.a(lib_a-impure.o)
                0x00000000200000f8                _global_impure_ptr
 *(.gnu.linkonce.s.*)
                0x0000000020000100                . = ALIGN (0x8)
 *fill*         0x00000000200000fc        0x4 
 *(.srodata.cst16)
 *(.srodata.cst8)
 *(.srodata.cst4)
 *(.srodata.cst2)
 *(.srodata .srodata.*)
                0x0000000020000100                . = ALIGN (0x4)
                0x0000000020000100                PROVIDE (_edata = .)

.bss            0x0000000020000100       0x80 load address 0x00000000000071ac
                0x0000000020000100                . = ALIGN (0x4)
                0x0000000020000100                PROVIDE (_sbss = .)
 *(.sbss*)
 .sbss.pEP0_RAM_Addr
                0x0000000020000100        0x4 ./wch_Libraries/Peripheral/ch32v10x_usb.o
                0x0000000020000100                pEP0_RAM_Addr
 .sbss.pEP2_RAM_Addr
                0x0000000020000104        0x4 ./wch_Libraries/Peripheral/ch32v10x_usb.o
                0x0000000020000104                pEP2_RAM_Addr
 .sbss.uart_flag
                0x0000000020000108        0x1 ./seekfree_peripheral/SEEKFREE_BLUETOOTH_CH9141.o
                0x0000000020000108                uart_flag
 .sbss.uart_data
                0x0000000020000109        0x1 ./seekfree_peripheral/SEEKFREE_BLUETOOTH_CH9141.o
                0x0000000020000109                uart_data
 .sbss.at_mode  0x000000002000010a        0x1 ./seekfree_peripheral/SEEKFREE_BLUETOOTH_CH9141.o
                0x000000002000010a                at_mode
 .sbss.at_mode_num
                0x000000002000010b        0x1 ./seekfree_peripheral/SEEKFREE_BLUETOOTH_CH9141.o
                0x000000002000010b                at_mode_num
 .sbss.at_mode_cmd_flag
                0x000000002000010c        0x1 ./seekfree_peripheral/SEEKFREE_BLUETOOTH_CH9141.o
                0x000000002000010c                at_mode_cmd_flag
 *fill*         0x000000002000010d        0x1 
 .sbss.mpu_acc_x
                0x000000002000010e        0x2 ./seekfree_peripheral/SEEKFREE_MPU6050.o
                0x000000002000010e                mpu_acc_x
 .sbss.mpu_acc_y
                0x0000000020000110        0x2 ./seekfree_peripheral/SEEKFREE_MPU6050.o
                0x0000000020000110                mpu_acc_y
 .sbss.mpu_acc_z
                0x0000000020000112        0x2 ./seekfree_peripheral/SEEKFREE_MPU6050.o
                0x0000000020000112                mpu_acc_z
 .sbss.receive  0x0000000020000114        0x3 ./seekfree_peripheral/SEEKFREE_MT9V03X.o
                0x0000000020000114                receive
 .sbss.receive_num
                0x0000000020000117        0x1 ./seekfree_peripheral/SEEKFREE_MT9V03X.o
                0x0000000020000117                receive_num
 .sbss.uart_receive_flag
                0x0000000020000118        0x1 ./seekfree_peripheral/SEEKFREE_MT9V03X.o
                0x0000000020000118                uart_receive_flag
 .sbss.mt9v03x_finish_flag
                0x0000000020000119        0x1 ./seekfree_peripheral/SEEKFREE_MT9V03X.o
                0x0000000020000119                mt9v03x_finish_flag
 *fill*         0x000000002000011a        0x2 
 .sbss.ov7725_uart_receive
                0x000000002000011c        0x3 ./seekfree_peripheral/SEEKFREE_UART_7725.o
                0x000000002000011c                ov7725_uart_receive
 .sbss.ov7725_uart_receive_num
                0x000000002000011f        0x1 ./seekfree_peripheral/SEEKFREE_UART_7725.o
                0x000000002000011f                ov7725_uart_receive_num
 .sbss.ov7725_uart_receive_flag
                0x0000000020000120        0x1 ./seekfree_peripheral/SEEKFREE_UART_7725.o
                0x0000000020000120                ov7725_uart_receive_flag
 .sbss.ov7725_uart_finish_flag
                0x0000000020000121        0x1 ./seekfree_peripheral/SEEKFREE_UART_7725.o
                0x0000000020000121                ov7725_uart_finish_flag
 .sbss.wireless_rx_buffer
                0x0000000020000122        0x1 ./seekfree_peripheral/SEEKFREE_WIRELESS.o
                0x0000000020000122                wireless_rx_buffer
 *fill*         0x0000000020000123        0x1 
 .sbss.camera_type
                0x0000000020000124        0x4 ./seekfree_libraries/common.o
                0x0000000020000124                camera_type
 .sbss.wireless_type
                0x0000000020000128        0x4 ./seekfree_libraries/common.o
                0x0000000020000128                wireless_type
 .sbss.sys_clk  0x000000002000012c        0x4 ./seekfree_libraries/common.o
                0x000000002000012c                sys_clk
 .sbss.UsbConfig
                0x0000000020000130        0x1 ./seekfree_libraries/zf_usb_cdc.o
                0x0000000020000130                UsbConfig
 .sbss.SetupReqCode
                0x0000000020000131        0x1 ./seekfree_libraries/zf_usb_cdc.o
                0x0000000020000131                SetupReqCode
 .sbss.SetupReqLen
                0x0000000020000132        0x2 ./seekfree_libraries/zf_usb_cdc.o
                0x0000000020000132                SetupReqLen
 .sbss.USBByteCount
                0x0000000020000134        0x1 ./seekfree_libraries/zf_usb_cdc.o
                0x0000000020000134                USBByteCount
 *fill*         0x0000000020000135        0x3 
 .sbss.pDescr   0x0000000020000138        0x4 ./seekfree_libraries/zf_usb_cdc.o
                0x0000000020000138                pDescr
 .sbss.key_status
                0x000000002000013c        0x1 ./CODE/key.o
                0x000000002000013c                key_status
 .sbss.last_key_status
                0x000000002000013d        0x1 ./CODE/key.o
                0x000000002000013d                last_key_status
 .sbss.key_cnt  0x000000002000013e        0x2 ./CODE/key.o
                0x000000002000013e                key_cnt
 .sbss.key_status1
                0x0000000020000140        0x1 ./CODE/key.o
                0x0000000020000140                key_status1
 .sbss.control_direct
                0x0000000020000141        0x1 ./CODE/menu.o
                0x0000000020000141                control_direct
 .sbss.func_index
                0x0000000020000142        0x1 ./CODE/menu.o
                0x0000000020000142                func_index
 *fill*         0x0000000020000143        0x1 
 .sbss.current_operation_index
                0x0000000020000144        0x4 ./CODE/menu.o
                0x0000000020000144                current_operation_index
 .sbss.x_ps4    0x0000000020000148        0x2 ./CODE/menu.o
                0x0000000020000148                x_ps4
 .sbss.y_ps4    0x000000002000014a        0x2 ./CODE/menu.o
                0x000000002000014a                y_ps4
 .sbss.status_ps4
                0x000000002000014c        0x2 ./CODE/menu.o
                0x000000002000014c                status_ps4
 .sbss.status_mpu
                0x000000002000014e        0x2 ./CODE/menu.o
                0x000000002000014e                status_mpu
 .sbss.__malloc_free_list
                0x0000000020000150        0x4 d:/mounriver/mounriver_studio/mounriver_studio/toolchain/risc-v embedded gcc/bin/../lib/gcc/riscv-none-embed/8.2.0/../../../../riscv-none-embed/lib/rv32imac/ilp32\libg_nano.a(lib_a-nano-mallocr.o)
                0x0000000020000150                __malloc_free_list
 .sbss.__malloc_sbrk_start
                0x0000000020000154        0x4 d:/mounriver/mounriver_studio/mounriver_studio/toolchain/risc-v embedded gcc/bin/../lib/gcc/riscv-none-embed/8.2.0/../../../../riscv-none-embed/lib/rv32imac/ilp32\libg_nano.a(lib_a-nano-mallocr.o)
                0x0000000020000154                __malloc_sbrk_start
 .sbss.heap_end.1518
                0x0000000020000158        0x4 d:/mounriver/mounriver_studio/mounriver_studio/toolchain/risc-v embedded gcc/bin/../lib/gcc/riscv-none-embed/8.2.0/../../../../riscv-none-embed/lib/rv32imac/ilp32\libnosys.a(sbrk.o)
 *(.gnu.linkonce.sb.*)
 *(.bss*)
 .bss.at_mode_data
                0x000000002000015c       0x1e ./seekfree_peripheral/SEEKFREE_BLUETOOTH_CH9141.o
                0x000000002000015c                at_mode_data
 *(.gnu.linkonce.b.*)
 *(COMMON*)
 *fill*         0x000000002000017a        0x2 
 COMMON         0x000000002000017c        0x4 d:/mounriver/mounriver_studio/mounriver_studio/toolchain/risc-v embedded gcc/bin/../lib/gcc/riscv-none-embed/8.2.0/../../../../riscv-none-embed/lib/rv32imac/ilp32\libg_nano.a(lib_a-reent.o)
                0x000000002000017c                errno
                0x0000000020000180                . = ALIGN (0x4)
                0x0000000020000180                PROVIDE (_ebss = .)
                [!provide]                        PROVIDE (_end = _ebss)
                0x0000000020000180                PROVIDE (end = .)

.stack          0x0000000020004800      0x800
                0x0000000020004800                . = ALIGN (0x4)
                [!provide]                        PROVIDE (_susrstack = .)
                0x0000000020005000                . = (. + __stack_size)
 *fill*         0x0000000020004800      0x800 
                0x0000000020005000                PROVIDE (_eusrstack = .)
OUTPUT(MPU_CONTROL.elf elf32-littleriscv)

.debug_line     0x0000000000000000    0x12f60
 .debug_line    0x0000000000000000      0x25b ./wch_Libraries/Startup/startup_ch32v10x.o
 .debug_line    0x000000000000025b      0xfb9 ./wch_Libraries/Peripheral/ch32v10x_adc.o
 .debug_line    0x0000000000001214      0x73a ./wch_Libraries/Peripheral/ch32v10x_dma.o
 .debug_line    0x000000000000194e      0x578 ./wch_Libraries/Peripheral/ch32v10x_exti.o
 .debug_line    0x0000000000001ec6      0xa0a ./wch_Libraries/Peripheral/ch32v10x_gpio.o
 .debug_line    0x00000000000028d0      0x42b ./wch_Libraries/Peripheral/ch32v10x_misc.o
 .debug_line    0x0000000000002cfb      0xd40 ./wch_Libraries/Peripheral/ch32v10x_rcc.o
 .debug_line    0x0000000000003a3b      0xa8e ./wch_Libraries/Peripheral/ch32v10x_spi.o
 .debug_line    0x00000000000044c9     0x1fea ./wch_Libraries/Peripheral/ch32v10x_tim.o
 .debug_line    0x00000000000064b3      0xc6e ./wch_Libraries/Peripheral/ch32v10x_usart.o
 .debug_line    0x0000000000007121      0x4e2 ./wch_Libraries/Peripheral/ch32v10x_usb.o
 .debug_line    0x0000000000007603      0xac7 ./seekfree_peripheral/SEEKFREE_BLUETOOTH_CH9141.o
 .debug_line    0x00000000000080ca      0x277 ./seekfree_peripheral/SEEKFREE_FONT.o
 .debug_line    0x0000000000008341      0x7f3 ./seekfree_peripheral/SEEKFREE_IIC.o
 .debug_line    0x0000000000008b34     0x158e ./seekfree_peripheral/SEEKFREE_IPS114_SPI.o
 .debug_line    0x000000000000a0c2      0x49a ./seekfree_peripheral/SEEKFREE_MPU6050.o
 .debug_line    0x000000000000a55c      0xb0d ./seekfree_peripheral/SEEKFREE_MT9V03X.o
 .debug_line    0x000000000000b069      0xafd ./seekfree_peripheral/SEEKFREE_UART_7725.o
 .debug_line    0x000000000000bb66      0x4cc ./seekfree_peripheral/SEEKFREE_WIRELESS.o
 .debug_line    0x000000000000c032      0x485 ./seekfree_libraries/board.o
 .debug_line    0x000000000000c4b7      0x40f ./seekfree_libraries/clock_config.o
 .debug_line    0x000000000000c8c6      0x206 ./seekfree_libraries/common.o
 .debug_line    0x000000000000cacc      0x774 ./seekfree_libraries/zf_adc.o
 .debug_line    0x000000000000d240      0x729 ./seekfree_libraries/zf_gpio.o
 .debug_line    0x000000000000d969       0xa1 ./seekfree_libraries/zf_irq.o
 .debug_line    0x000000000000da0a      0x416 ./seekfree_libraries/zf_nvic.o
 .debug_line    0x000000000000de20      0x6fb ./seekfree_libraries/zf_pit.o
 .debug_line    0x000000000000e51b      0x6aa ./seekfree_libraries/zf_spi.o
 .debug_line    0x000000000000ebc5      0x476 ./seekfree_libraries/zf_systick.o
 .debug_line    0x000000000000f03b      0x691 ./seekfree_libraries/zf_timer.o
 .debug_line    0x000000000000f6cc      0x76a ./seekfree_libraries/zf_uart.o
 .debug_line    0x000000000000fe36     0x10ab ./seekfree_libraries/zf_usb_cdc.o
 .debug_line    0x0000000000010ee1      0x9e5 ./USER/isr.o
 .debug_line    0x00000000000118c6      0x4d9 ./USER/main.o
 .debug_line    0x0000000000011d9f      0x61a ./CODE/key.o
 .debug_line    0x00000000000123b9      0xba7 ./CODE/menu.o

.debug_info     0x0000000000000000    0x1f010
 .debug_info    0x0000000000000000       0x22 ./wch_Libraries/Startup/startup_ch32v10x.o
 .debug_info    0x0000000000000022      0xc6c ./wch_Libraries/Peripheral/ch32v10x_adc.o
 .debug_info    0x0000000000000c8e      0x476 ./wch_Libraries/Peripheral/ch32v10x_dma.o
 .debug_info    0x0000000000001104      0x353 ./wch_Libraries/Peripheral/ch32v10x_exti.o
 .debug_info    0x0000000000001457      0x6e7 ./wch_Libraries/Peripheral/ch32v10x_gpio.o
 .debug_info    0x0000000000001b3e      0x517 ./wch_Libraries/Peripheral/ch32v10x_misc.o
 .debug_info    0x0000000000002055      0x8d8 ./wch_Libraries/Peripheral/ch32v10x_rcc.o
 .debug_info    0x000000000000292d      0x94f ./wch_Libraries/Peripheral/ch32v10x_spi.o
 .debug_info    0x000000000000327c     0x1dcc ./wch_Libraries/Peripheral/ch32v10x_tim.o
 .debug_info    0x0000000000005048      0xa42 ./wch_Libraries/Peripheral/ch32v10x_usart.o
 .debug_info    0x0000000000005a8a      0x2bd ./wch_Libraries/Peripheral/ch32v10x_usb.o
 .debug_info    0x0000000000005d47     0x144f ./seekfree_peripheral/SEEKFREE_BLUETOOTH_CH9141.o
 .debug_info    0x0000000000007196      0xb7c ./seekfree_peripheral/SEEKFREE_FONT.o
 .debug_info    0x0000000000007d12     0x1118 ./seekfree_peripheral/SEEKFREE_IIC.o
 .debug_info    0x0000000000008e2a     0x1a26 ./seekfree_peripheral/SEEKFREE_IPS114_SPI.o
 .debug_info    0x000000000000a850      0xb74 ./seekfree_peripheral/SEEKFREE_MPU6050.o
 .debug_info    0x000000000000b3c4     0x17dd ./seekfree_peripheral/SEEKFREE_MT9V03X.o
 .debug_info    0x000000000000cba1     0x17c3 ./seekfree_peripheral/SEEKFREE_UART_7725.o
 .debug_info    0x000000000000e364      0xfbd ./seekfree_peripheral/SEEKFREE_WIRELESS.o
 .debug_info    0x000000000000f321      0xd63 ./seekfree_libraries/board.o
 .debug_info    0x0000000000010084      0x25f ./seekfree_libraries/clock_config.o
 .debug_info    0x00000000000102e3      0xa51 ./seekfree_libraries/common.o
 .debug_info    0x0000000000010d34     0x114b ./seekfree_libraries/zf_adc.o
 .debug_info    0x0000000000011e7f     0x1185 ./seekfree_libraries/zf_gpio.o
 .debug_info    0x0000000000013004       0x26 ./seekfree_libraries/zf_irq.o
 .debug_info    0x000000000001302a      0xcb7 ./seekfree_libraries/zf_nvic.o
 .debug_info    0x0000000000013ce1      0xfdd ./seekfree_libraries/zf_pit.o
 .debug_info    0x0000000000014cbe     0x1214 ./seekfree_libraries/zf_spi.o
 .debug_info    0x0000000000015ed2      0xba4 ./seekfree_libraries/zf_systick.o
 .debug_info    0x0000000000016a76     0x1241 ./seekfree_libraries/zf_timer.o
 .debug_info    0x0000000000017cb7     0x132f ./seekfree_libraries/zf_uart.o
 .debug_info    0x0000000000018fe6     0x141a ./seekfree_libraries/zf_usb_cdc.o
 .debug_info    0x000000000001a400     0x13f8 ./USER/isr.o
 .debug_info    0x000000000001b7f8     0x1320 ./USER/main.o
 .debug_info    0x000000000001cb18     0x1368 ./CODE/key.o
 .debug_info    0x000000000001de80     0x1190 ./CODE/menu.o

.debug_abbrev   0x0000000000000000     0x4e71
 .debug_abbrev  0x0000000000000000       0x12 ./wch_Libraries/Startup/startup_ch32v10x.o
 .debug_abbrev  0x0000000000000012      0x17e ./wch_Libraries/Peripheral/ch32v10x_adc.o
 .debug_abbrev  0x0000000000000190      0x18f ./wch_Libraries/Peripheral/ch32v10x_dma.o
 .debug_abbrev  0x000000000000031f      0x144 ./wch_Libraries/Peripheral/ch32v10x_exti.o
 .debug_abbrev  0x0000000000000463      0x1c7 ./wch_Libraries/Peripheral/ch32v10x_gpio.o
 .debug_abbrev  0x000000000000062a      0x179 ./wch_Libraries/Peripheral/ch32v10x_misc.o
 .debug_abbrev  0x00000000000007a3      0x1ef ./wch_Libraries/Peripheral/ch32v10x_rcc.o
 .debug_abbrev  0x0000000000000992      0x19e ./wch_Libraries/Peripheral/ch32v10x_spi.o
 .debug_abbrev  0x0000000000000b30      0x1c9 ./wch_Libraries/Peripheral/ch32v10x_tim.o
 .debug_abbrev  0x0000000000000cf9      0x19e ./wch_Libraries/Peripheral/ch32v10x_usart.o
 .debug_abbrev  0x0000000000000e97       0xb2 ./wch_Libraries/Peripheral/ch32v10x_usb.o
 .debug_abbrev  0x0000000000000f49      0x352 ./seekfree_peripheral/SEEKFREE_BLUETOOTH_CH9141.o
 .debug_abbrev  0x000000000000129b      0x217 ./seekfree_peripheral/SEEKFREE_FONT.o
 .debug_abbrev  0x00000000000014b2      0x343 ./seekfree_peripheral/SEEKFREE_IIC.o
 .debug_abbrev  0x00000000000017f5      0x328 ./seekfree_peripheral/SEEKFREE_IPS114_SPI.o
 .debug_abbrev  0x0000000000001b1d      0x25a ./seekfree_peripheral/SEEKFREE_MPU6050.o
 .debug_abbrev  0x0000000000001d77      0x365 ./seekfree_peripheral/SEEKFREE_MT9V03X.o
 .debug_abbrev  0x00000000000020dc      0x39f ./seekfree_peripheral/SEEKFREE_UART_7725.o
 .debug_abbrev  0x000000000000247b      0x2a5 ./seekfree_peripheral/SEEKFREE_WIRELESS.o
 .debug_abbrev  0x0000000000002720      0x280 ./seekfree_libraries/board.o
 .debug_abbrev  0x00000000000029a0       0xe8 ./seekfree_libraries/clock_config.o
 .debug_abbrev  0x0000000000002a88      0x1fa ./seekfree_libraries/common.o
 .debug_abbrev  0x0000000000002c82      0x2a4 ./seekfree_libraries/zf_adc.o
 .debug_abbrev  0x0000000000002f26      0x2c2 ./seekfree_libraries/zf_gpio.o
 .debug_abbrev  0x00000000000031e8       0x14 ./seekfree_libraries/zf_irq.o
 .debug_abbrev  0x00000000000031fc      0x2b3 ./seekfree_libraries/zf_nvic.o
 .debug_abbrev  0x00000000000034af      0x2b5 ./seekfree_libraries/zf_pit.o
 .debug_abbrev  0x0000000000003764      0x293 ./seekfree_libraries/zf_spi.o
 .debug_abbrev  0x00000000000039f7      0x257 ./seekfree_libraries/zf_systick.o
 .debug_abbrev  0x0000000000003c4e      0x2b6 ./seekfree_libraries/zf_timer.o
 .debug_abbrev  0x0000000000003f04      0x2e5 ./seekfree_libraries/zf_uart.o
 .debug_abbrev  0x00000000000041e9      0x34e ./seekfree_libraries/zf_usb_cdc.o
 .debug_abbrev  0x0000000000004537      0x26c ./USER/isr.o
 .debug_abbrev  0x00000000000047a3      0x232 ./USER/main.o
 .debug_abbrev  0x00000000000049d5      0x249 ./CODE/key.o
 .debug_abbrev  0x0000000000004c1e      0x253 ./CODE/menu.o

.debug_aranges  0x0000000000000000     0x10d8
 .debug_aranges
                0x0000000000000000       0x30 ./wch_Libraries/Startup/startup_ch32v10x.o
 .debug_aranges
                0x0000000000000030      0x140 ./wch_Libraries/Peripheral/ch32v10x_adc.o
 .debug_aranges
                0x0000000000000170       0x70 ./wch_Libraries/Peripheral/ch32v10x_dma.o
 .debug_aranges
                0x00000000000001e0       0x58 ./wch_Libraries/Peripheral/ch32v10x_exti.o
 .debug_aranges
                0x0000000000000238       0xa0 ./wch_Libraries/Peripheral/ch32v10x_gpio.o
 .debug_aranges
                0x00000000000002d8       0x40 ./wch_Libraries/Peripheral/ch32v10x_misc.o
 .debug_aranges
                0x0000000000000318      0x118 ./wch_Libraries/Peripheral/ch32v10x_rcc.o
 .debug_aranges
                0x0000000000000430       0xd0 ./wch_Libraries/Peripheral/ch32v10x_spi.o
 .debug_aranges
                0x0000000000000500      0x2f0 ./wch_Libraries/Peripheral/ch32v10x_tim.o
 .debug_aranges
                0x00000000000007f0      0x100 ./wch_Libraries/Peripheral/ch32v10x_usart.o
 .debug_aranges
                0x00000000000008f0       0x58 ./wch_Libraries/Peripheral/ch32v10x_usb.o
 .debug_aranges
                0x0000000000000948       0xa8 ./seekfree_peripheral/SEEKFREE_BLUETOOTH_CH9141.o
 .debug_aranges
                0x00000000000009f0       0x18 ./seekfree_peripheral/SEEKFREE_FONT.o
 .debug_aranges
                0x0000000000000a08       0x78 ./seekfree_peripheral/SEEKFREE_IIC.o
 .debug_aranges
                0x0000000000000a80       0xc8 ./seekfree_peripheral/SEEKFREE_IPS114_SPI.o
 .debug_aranges
                0x0000000000000b48       0x38 ./seekfree_peripheral/SEEKFREE_MPU6050.o
 .debug_aranges
                0x0000000000000b80       0x80 ./seekfree_peripheral/SEEKFREE_MT9V03X.o
 .debug_aranges
                0x0000000000000c00       0x80 ./seekfree_peripheral/SEEKFREE_UART_7725.o
 .debug_aranges
                0x0000000000000c80       0x30 ./seekfree_peripheral/SEEKFREE_WIRELESS.o
 .debug_aranges
                0x0000000000000cb0       0x28 ./seekfree_libraries/board.o
 .debug_aranges
                0x0000000000000cd8       0x28 ./seekfree_libraries/clock_config.o
 .debug_aranges
                0x0000000000000d00       0x18 ./seekfree_libraries/common.o
 .debug_aranges
                0x0000000000000d18       0x38 ./seekfree_libraries/zf_adc.o
 .debug_aranges
                0x0000000000000d50       0x40 ./seekfree_libraries/zf_gpio.o
 .debug_aranges
                0x0000000000000d90       0x20 ./seekfree_libraries/zf_irq.o
 .debug_aranges
                0x0000000000000db0       0x30 ./seekfree_libraries/zf_nvic.o
 .debug_aranges
                0x0000000000000de0       0x40 ./seekfree_libraries/zf_pit.o
 .debug_aranges
                0x0000000000000e20       0x30 ./seekfree_libraries/zf_spi.o
 .debug_aranges
                0x0000000000000e50       0x30 ./seekfree_libraries/zf_systick.o
 .debug_aranges
                0x0000000000000e80       0x38 ./seekfree_libraries/zf_timer.o
 .debug_aranges
                0x0000000000000eb8       0x60 ./seekfree_libraries/zf_uart.o
 .debug_aranges
                0x0000000000000f18       0x60 ./seekfree_libraries/zf_usb_cdc.o
 .debug_aranges
                0x0000000000000f78       0xc0 ./USER/isr.o
 .debug_aranges
                0x0000000000001038       0x20 ./USER/main.o
 .debug_aranges
                0x0000000000001058       0x30 ./CODE/key.o
 .debug_aranges
                0x0000000000001088       0x50 ./CODE/menu.o

.debug_str      0x0000000000000000     0x579e
 .debug_str     0x0000000000000000       0xc5 ./wch_Libraries/Startup/startup_ch32v10x.o
 .debug_str     0x00000000000000c5      0x729 ./wch_Libraries/Peripheral/ch32v10x_adc.o
                                        0x814 (size before relaxing)
 .debug_str     0x00000000000007ee      0x24f ./wch_Libraries/Peripheral/ch32v10x_dma.o
                                        0x455 (size before relaxing)
 .debug_str     0x0000000000000a3d      0x1f8 ./wch_Libraries/Peripheral/ch32v10x_exti.o
                                        0x3ef (size before relaxing)
 .debug_str     0x0000000000000c35      0x38d ./wch_Libraries/Peripheral/ch32v10x_gpio.o
                                        0x586 (size before relaxing)
 .debug_str     0x0000000000000fc2      0x43b ./wch_Libraries/Peripheral/ch32v10x_misc.o
                                        0x623 (size before relaxing)
 .debug_str     0x00000000000013fd      0x48e ./wch_Libraries/Peripheral/ch32v10x_rcc.o
                                        0x6c7 (size before relaxing)
 .debug_str     0x000000000000188b      0x395 ./wch_Libraries/Peripheral/ch32v10x_spi.o
                                        0x6a2 (size before relaxing)
 .debug_str     0x0000000000001c20      0xbdf ./wch_Libraries/Peripheral/ch32v10x_tim.o
                                        0xeaf (size before relaxing)
 .debug_str     0x00000000000027ff      0x453 ./wch_Libraries/Peripheral/ch32v10x_usart.o
                                        0x739 (size before relaxing)
 .debug_str     0x0000000000002c52      0x179 ./wch_Libraries/Peripheral/ch32v10x_usb.o
                                        0x30a (size before relaxing)
 .debug_str     0x0000000000002dcb      0xae2 ./seekfree_peripheral/SEEKFREE_BLUETOOTH_CH9141.o
                                        0xda3 (size before relaxing)
 .debug_str     0x00000000000038ad       0xbc ./seekfree_peripheral/SEEKFREE_FONT.o
                                        0x781 (size before relaxing)
 .debug_str     0x0000000000003969      0x17b ./seekfree_peripheral/SEEKFREE_IIC.o
                                        0x918 (size before relaxing)
 .debug_str     0x0000000000003ae4      0x384 ./seekfree_peripheral/SEEKFREE_IPS114_SPI.o
                                        0xbaa (size before relaxing)
 .debug_str     0x0000000000003e68       0xef ./seekfree_peripheral/SEEKFREE_MPU6050.o
                                        0x7cd (size before relaxing)
 .debug_str     0x0000000000003f57      0x215 ./seekfree_peripheral/SEEKFREE_MT9V03X.o
                                        0xeac (size before relaxing)
 .debug_str     0x000000000000416c      0x2fa ./seekfree_peripheral/SEEKFREE_UART_7725.o
                                        0xf50 (size before relaxing)
 .debug_str     0x0000000000004466       0xc8 ./seekfree_peripheral/SEEKFREE_WIRELESS.o
                                        0x939 (size before relaxing)
 .debug_str     0x000000000000452e       0x69 ./seekfree_libraries/board.o
                                        0x8f5 (size before relaxing)
 .debug_str     0x0000000000004597       0xa9 ./seekfree_libraries/clock_config.o
                                        0x2f4 (size before relaxing)
 .debug_str     0x0000000000004640       0x5f ./seekfree_libraries/common.o
                                        0x724 (size before relaxing)
 .debug_str     0x000000000000469f      0x199 ./seekfree_libraries/zf_adc.o
                                        0xa1b (size before relaxing)
 .debug_str     0x0000000000004838       0xf2 ./seekfree_libraries/zf_gpio.o
                                        0xa3c (size before relaxing)
 .debug_str     0x000000000000492a       0x5f ./seekfree_libraries/zf_irq.o
                                         0xb8 (size before relaxing)
 .debug_str     0x0000000000004989       0xe7 ./seekfree_libraries/zf_nvic.o
                                        0xab1 (size before relaxing)
 .debug_str     0x0000000000004a70       0xea ./seekfree_libraries/zf_pit.o
                                        0xc37 (size before relaxing)
 .debug_str     0x0000000000004b5a       0xf1 ./seekfree_libraries/zf_spi.o
                                        0xab5 (size before relaxing)
 .debug_str     0x0000000000004c4b      0x10a ./seekfree_libraries/zf_systick.o
                                        0x7ff (size before relaxing)
 .debug_str     0x0000000000004d55      0x188 ./seekfree_libraries/zf_timer.o
                                        0xb05 (size before relaxing)
 .debug_str     0x0000000000004edd       0xf9 ./seekfree_libraries/zf_uart.o
                                        0xc59 (size before relaxing)
 .debug_str     0x0000000000004fd6      0x388 ./seekfree_libraries/zf_usb_cdc.o
                                        0xe68 (size before relaxing)
 .debug_str     0x000000000000535e      0x256 ./USER/isr.o
                                        0xdc7 (size before relaxing)
 .debug_str     0x00000000000055b4       0x51 ./USER/main.o
                                        0xbf2 (size before relaxing)
 .debug_str     0x0000000000005605       0x98 ./CODE/key.o
                                        0xbe7 (size before relaxing)
 .debug_str     0x000000000000569d      0x101 ./CODE/menu.o
                                        0xcda (size before relaxing)

.debug_ranges   0x0000000000000000      0xe80
 .debug_ranges  0x0000000000000000       0x28 ./wch_Libraries/Startup/startup_ch32v10x.o
 .debug_ranges  0x0000000000000028      0x130 ./wch_Libraries/Peripheral/ch32v10x_adc.o
 .debug_ranges  0x0000000000000158       0x60 ./wch_Libraries/Peripheral/ch32v10x_dma.o
 .debug_ranges  0x00000000000001b8       0x48 ./wch_Libraries/Peripheral/ch32v10x_exti.o
 .debug_ranges  0x0000000000000200       0x90 ./wch_Libraries/Peripheral/ch32v10x_gpio.o
 .debug_ranges  0x0000000000000290       0x30 ./wch_Libraries/Peripheral/ch32v10x_misc.o
 .debug_ranges  0x00000000000002c0      0x108 ./wch_Libraries/Peripheral/ch32v10x_rcc.o
 .debug_ranges  0x00000000000003c8       0xc0 ./wch_Libraries/Peripheral/ch32v10x_spi.o
 .debug_ranges  0x0000000000000488      0x2e0 ./wch_Libraries/Peripheral/ch32v10x_tim.o
 .debug_ranges  0x0000000000000768       0xf0 ./wch_Libraries/Peripheral/ch32v10x_usart.o
 .debug_ranges  0x0000000000000858       0x48 ./wch_Libraries/Peripheral/ch32v10x_usb.o
 .debug_ranges  0x00000000000008a0       0x98 ./seekfree_peripheral/SEEKFREE_BLUETOOTH_CH9141.o
 .debug_ranges  0x0000000000000938       0x68 ./seekfree_peripheral/SEEKFREE_IIC.o
 .debug_ranges  0x00000000000009a0       0xb8 ./seekfree_peripheral/SEEKFREE_IPS114_SPI.o
 .debug_ranges  0x0000000000000a58       0x28 ./seekfree_peripheral/SEEKFREE_MPU6050.o
 .debug_ranges  0x0000000000000a80       0x70 ./seekfree_peripheral/SEEKFREE_MT9V03X.o
 .debug_ranges  0x0000000000000af0       0x70 ./seekfree_peripheral/SEEKFREE_UART_7725.o
 .debug_ranges  0x0000000000000b60       0x20 ./seekfree_peripheral/SEEKFREE_WIRELESS.o
 .debug_ranges  0x0000000000000b80       0x18 ./seekfree_libraries/board.o
 .debug_ranges  0x0000000000000b98       0x18 ./seekfree_libraries/clock_config.o
 .debug_ranges  0x0000000000000bb0       0x28 ./seekfree_libraries/zf_adc.o
 .debug_ranges  0x0000000000000bd8       0x30 ./seekfree_libraries/zf_gpio.o
 .debug_ranges  0x0000000000000c08       0x20 ./seekfree_libraries/zf_nvic.o
 .debug_ranges  0x0000000000000c28       0x30 ./seekfree_libraries/zf_pit.o
 .debug_ranges  0x0000000000000c58       0x20 ./seekfree_libraries/zf_spi.o
 .debug_ranges  0x0000000000000c78       0x20 ./seekfree_libraries/zf_systick.o
 .debug_ranges  0x0000000000000c98       0x28 ./seekfree_libraries/zf_timer.o
 .debug_ranges  0x0000000000000cc0       0x50 ./seekfree_libraries/zf_uart.o
 .debug_ranges  0x0000000000000d10       0x50 ./seekfree_libraries/zf_usb_cdc.o
 .debug_ranges  0x0000000000000d60       0xb0 ./USER/isr.o
 .debug_ranges  0x0000000000000e10       0x10 ./USER/main.o
 .debug_ranges  0x0000000000000e20       0x20 ./CODE/key.o
 .debug_ranges  0x0000000000000e40       0x40 ./CODE/menu.o

.comment        0x0000000000000000       0x33
 .comment       0x0000000000000000       0x33 ./wch_Libraries/Peripheral/ch32v10x_adc.o
                                         0x34 (size before relaxing)
 .comment       0x0000000000000033       0x34 ./wch_Libraries/Peripheral/ch32v10x_dma.o
 .comment       0x0000000000000033       0x34 ./wch_Libraries/Peripheral/ch32v10x_exti.o
 .comment       0x0000000000000033       0x34 ./wch_Libraries/Peripheral/ch32v10x_gpio.o
 .comment       0x0000000000000033       0x34 ./wch_Libraries/Peripheral/ch32v10x_misc.o
 .comment       0x0000000000000033       0x34 ./wch_Libraries/Peripheral/ch32v10x_rcc.o
 .comment       0x0000000000000033       0x34 ./wch_Libraries/Peripheral/ch32v10x_spi.o
 .comment       0x0000000000000033       0x34 ./wch_Libraries/Peripheral/ch32v10x_tim.o
 .comment       0x0000000000000033       0x34 ./wch_Libraries/Peripheral/ch32v10x_usart.o
 .comment       0x0000000000000033       0x34 ./wch_Libraries/Peripheral/ch32v10x_usb.o
 .comment       0x0000000000000033       0x34 ./seekfree_peripheral/SEEKFREE_BLUETOOTH_CH9141.o
 .comment       0x0000000000000033       0x34 ./seekfree_peripheral/SEEKFREE_FONT.o
 .comment       0x0000000000000033       0x34 ./seekfree_peripheral/SEEKFREE_IIC.o
 .comment       0x0000000000000033       0x34 ./seekfree_peripheral/SEEKFREE_IPS114_SPI.o
 .comment       0x0000000000000033       0x34 ./seekfree_peripheral/SEEKFREE_MPU6050.o
 .comment       0x0000000000000033       0x34 ./seekfree_peripheral/SEEKFREE_MT9V03X.o
 .comment       0x0000000000000033       0x34 ./seekfree_peripheral/SEEKFREE_UART_7725.o
 .comment       0x0000000000000033       0x34 ./seekfree_peripheral/SEEKFREE_WIRELESS.o
 .comment       0x0000000000000033       0x34 ./seekfree_libraries/board.o
 .comment       0x0000000000000033       0x34 ./seekfree_libraries/clock_config.o
 .comment       0x0000000000000033       0x34 ./seekfree_libraries/common.o
 .comment       0x0000000000000033       0x34 ./seekfree_libraries/zf_adc.o
 .comment       0x0000000000000033       0x34 ./seekfree_libraries/zf_gpio.o
 .comment       0x0000000000000033       0x34 ./seekfree_libraries/zf_nvic.o
 .comment       0x0000000000000033       0x34 ./seekfree_libraries/zf_pit.o
 .comment       0x0000000000000033       0x34 ./seekfree_libraries/zf_spi.o
 .comment       0x0000000000000033       0x34 ./seekfree_libraries/zf_systick.o
 .comment       0x0000000000000033       0x34 ./seekfree_libraries/zf_timer.o
 .comment       0x0000000000000033       0x34 ./seekfree_libraries/zf_uart.o
 .comment       0x0000000000000033       0x34 ./seekfree_libraries/zf_usb_cdc.o
 .comment       0x0000000000000033       0x34 ./USER/isr.o
 .comment       0x0000000000000033       0x34 ./USER/main.o
 .comment       0x0000000000000033       0x34 ./CODE/key.o
 .comment       0x0000000000000033       0x34 ./CODE/menu.o

.debug_frame    0x0000000000000000     0x45bc
 .debug_frame   0x0000000000000000      0x4bc ./wch_Libraries/Peripheral/ch32v10x_adc.o
 .debug_frame   0x00000000000004bc      0x174 ./wch_Libraries/Peripheral/ch32v10x_dma.o
 .debug_frame   0x0000000000000630      0x114 ./wch_Libraries/Peripheral/ch32v10x_exti.o
 .debug_frame   0x0000000000000744      0x244 ./wch_Libraries/Peripheral/ch32v10x_gpio.o
 .debug_frame   0x0000000000000988       0xb4 ./wch_Libraries/Peripheral/ch32v10x_misc.o
 .debug_frame   0x0000000000000a3c      0x418 ./wch_Libraries/Peripheral/ch32v10x_rcc.o
 .debug_frame   0x0000000000000e54      0x2fc ./wch_Libraries/Peripheral/ch32v10x_spi.o
 .debug_frame   0x0000000000001150      0xbb4 ./wch_Libraries/Peripheral/ch32v10x_tim.o
 .debug_frame   0x0000000000001d04      0x3bc ./wch_Libraries/Peripheral/ch32v10x_usart.o
 .debug_frame   0x00000000000020c0      0x114 ./wch_Libraries/Peripheral/ch32v10x_usb.o
 .debug_frame   0x00000000000021d4      0x2a4 ./seekfree_peripheral/SEEKFREE_BLUETOOTH_CH9141.o
 .debug_frame   0x0000000000002478      0x1b8 ./seekfree_peripheral/SEEKFREE_IIC.o
 .debug_frame   0x0000000000002630      0x370 ./seekfree_peripheral/SEEKFREE_IPS114_SPI.o
 .debug_frame   0x00000000000029a0       0xb0 ./seekfree_peripheral/SEEKFREE_MPU6050.o
 .debug_frame   0x0000000000002a50      0x1ec ./seekfree_peripheral/SEEKFREE_MT9V03X.o
 .debug_frame   0x0000000000002c3c      0x214 ./seekfree_peripheral/SEEKFREE_UART_7725.o
 .debug_frame   0x0000000000002e50       0x78 ./seekfree_peripheral/SEEKFREE_WIRELESS.o
 .debug_frame   0x0000000000002ec8       0x58 ./seekfree_libraries/board.o
 .debug_frame   0x0000000000002f20       0x58 ./seekfree_libraries/clock_config.o
 .debug_frame   0x0000000000002f78       0xa4 ./seekfree_libraries/zf_adc.o
 .debug_frame   0x000000000000301c       0xbc ./seekfree_libraries/zf_gpio.o
 .debug_frame   0x00000000000030d8       0x7c ./seekfree_libraries/zf_nvic.o
 .debug_frame   0x0000000000003154       0xc8 ./seekfree_libraries/zf_pit.o
 .debug_frame   0x000000000000321c       0x80 ./seekfree_libraries/zf_spi.o
 .debug_frame   0x000000000000329c       0x70 ./seekfree_libraries/zf_systick.o
 .debug_frame   0x000000000000330c       0xa0 ./seekfree_libraries/zf_timer.o
 .debug_frame   0x00000000000033ac      0x150 ./seekfree_libraries/zf_uart.o
 .debug_frame   0x00000000000034fc      0x148 ./seekfree_libraries/zf_usb_cdc.o
 .debug_frame   0x0000000000003644      0x2ac ./USER/isr.o
 .debug_frame   0x00000000000038f0       0x2c ./USER/main.o
 .debug_frame   0x000000000000391c       0x80 ./CODE/key.o
 .debug_frame   0x000000000000399c      0x118 ./CODE/menu.o
 .debug_frame   0x0000000000003ab4       0x40 d:/mounriver/mounriver_studio/mounriver_studio/toolchain/risc-v embedded gcc/bin/../lib/gcc/riscv-none-embed/8.2.0/../../../../riscv-none-embed/lib/rv32imac/ilp32\libg_nano.a(lib_a-assert.o)
 .debug_frame   0x0000000000003af4       0x48 d:/mounriver/mounriver_studio/mounriver_studio/toolchain/risc-v embedded gcc/bin/../lib/gcc/riscv-none-embed/8.2.0/../../../../riscv-none-embed/lib/rv32imac/ilp32\libg_nano.a(lib_a-fprintf.o)
 .debug_frame   0x0000000000003b3c       0x20 d:/mounriver/mounriver_studio/mounriver_studio/toolchain/risc-v embedded gcc/bin/../lib/gcc/riscv-none-embed/8.2.0/../../../../riscv-none-embed/lib/rv32imac/ilp32\libg_nano.a(lib_a-memcpy.o)
 .debug_frame   0x0000000000003b5c       0xd0 d:/mounriver/mounriver_studio/mounriver_studio/toolchain/risc-v embedded gcc/bin/../lib/gcc/riscv-none-embed/8.2.0/../../../../riscv-none-embed/lib/rv32imac/ilp32\libg_nano.a(lib_a-nano-vfprintf.o)
 .debug_frame   0x0000000000003c2c       0x8c d:/mounriver/mounriver_studio/mounriver_studio/toolchain/risc-v embedded gcc/bin/../lib/gcc/riscv-none-embed/8.2.0/../../../../riscv-none-embed/lib/rv32imac/ilp32\libg_nano.a(lib_a-nano-vfprintf_i.o)
 .debug_frame   0x0000000000003cb8       0x20 d:/mounriver/mounriver_studio/mounriver_studio/toolchain/risc-v embedded gcc/bin/../lib/gcc/riscv-none-embed/8.2.0/../../../../riscv-none-embed/lib/rv32imac/ilp32\libg_nano.a(lib_a-strncmp.o)
 .debug_frame   0x0000000000003cd8       0x50 d:/mounriver/mounriver_studio/mounriver_studio/toolchain/risc-v embedded gcc/bin/../lib/gcc/riscv-none-embed/8.2.0/../../../../riscv-none-embed/lib/rv32imac/ilp32\libg_nano.a(lib_a-wbuf.o)
 .debug_frame   0x0000000000003d28       0x3c d:/mounriver/mounriver_studio/mounriver_studio/toolchain/risc-v embedded gcc/bin/../lib/gcc/riscv-none-embed/8.2.0/../../../../riscv-none-embed/lib/rv32imac/ilp32\libg_nano.a(lib_a-wsetup.o)
 .debug_frame   0x0000000000003d64       0x28 d:/mounriver/mounriver_studio/mounriver_studio/toolchain/risc-v embedded gcc/bin/../lib/gcc/riscv-none-embed/8.2.0/../../../../riscv-none-embed/lib/rv32imac/ilp32\libg_nano.a(lib_a-abort.o)
 .debug_frame   0x0000000000003d8c       0x7c d:/mounriver/mounriver_studio/mounriver_studio/toolchain/risc-v embedded gcc/bin/../lib/gcc/riscv-none-embed/8.2.0/../../../../riscv-none-embed/lib/rv32imac/ilp32\libg_nano.a(lib_a-fflush.o)
 .debug_frame   0x0000000000003e08      0x148 d:/mounriver/mounriver_studio/mounriver_studio/toolchain/risc-v embedded gcc/bin/../lib/gcc/riscv-none-embed/8.2.0/../../../../riscv-none-embed/lib/rv32imac/ilp32\libg_nano.a(lib_a-findfp.o)
 .debug_frame   0x0000000000003f50       0x88 d:/mounriver/mounriver_studio/mounriver_studio/toolchain/risc-v embedded gcc/bin/../lib/gcc/riscv-none-embed/8.2.0/../../../../riscv-none-embed/lib/rv32imac/ilp32\libg_nano.a(lib_a-fwalk.o)
 .debug_frame   0x0000000000003fd8       0x64 d:/mounriver/mounriver_studio/mounriver_studio/toolchain/risc-v embedded gcc/bin/../lib/gcc/riscv-none-embed/8.2.0/../../../../riscv-none-embed/lib/rv32imac/ilp32\libg_nano.a(lib_a-makebuf.o)
 .debug_frame   0x000000000000403c       0x20 d:/mounriver/mounriver_studio/mounriver_studio/toolchain/risc-v embedded gcc/bin/../lib/gcc/riscv-none-embed/8.2.0/../../../../riscv-none-embed/lib/rv32imac/ilp32\libg_nano.a(lib_a-memchr.o)
 .debug_frame   0x000000000000405c       0x40 d:/mounriver/mounriver_studio/mounriver_studio/toolchain/risc-v embedded gcc/bin/../lib/gcc/riscv-none-embed/8.2.0/../../../../riscv-none-embed/lib/rv32imac/ilp32\libg_nano.a(lib_a-nano-freer.o)
 .debug_frame   0x000000000000409c       0x40 d:/mounriver/mounriver_studio/mounriver_studio/toolchain/risc-v embedded gcc/bin/../lib/gcc/riscv-none-embed/8.2.0/../../../../riscv-none-embed/lib/rv32imac/ilp32\libg_nano.a(lib_a-nano-mallocr.o)
 .debug_frame   0x00000000000040dc       0x30 d:/mounriver/mounriver_studio/mounriver_studio/toolchain/risc-v embedded gcc/bin/../lib/gcc/riscv-none-embed/8.2.0/../../../../riscv-none-embed/lib/rv32imac/ilp32\libg_nano.a(lib_a-sbrkr.o)
 .debug_frame   0x000000000000410c       0xec d:/mounriver/mounriver_studio/mounriver_studio/toolchain/risc-v embedded gcc/bin/../lib/gcc/riscv-none-embed/8.2.0/../../../../riscv-none-embed/lib/rv32imac/ilp32\libg_nano.a(lib_a-signal.o)
 .debug_frame   0x00000000000041f8       0x40 d:/mounriver/mounriver_studio/mounriver_studio/toolchain/risc-v embedded gcc/bin/../lib/gcc/riscv-none-embed/8.2.0/../../../../riscv-none-embed/lib/rv32imac/ilp32\libg_nano.a(lib_a-signalr.o)
 .debug_frame   0x0000000000004238       0xa4 d:/mounriver/mounriver_studio/mounriver_studio/toolchain/risc-v embedded gcc/bin/../lib/gcc/riscv-none-embed/8.2.0/../../../../riscv-none-embed/lib/rv32imac/ilp32\libg_nano.a(lib_a-stdio.o)
 .debug_frame   0x00000000000042dc       0x30 d:/mounriver/mounriver_studio/mounriver_studio/toolchain/risc-v embedded gcc/bin/../lib/gcc/riscv-none-embed/8.2.0/../../../../riscv-none-embed/lib/rv32imac/ilp32\libg_nano.a(lib_a-writer.o)
 .debug_frame   0x000000000000430c       0x30 d:/mounriver/mounriver_studio/mounriver_studio/toolchain/risc-v embedded gcc/bin/../lib/gcc/riscv-none-embed/8.2.0/../../../../riscv-none-embed/lib/rv32imac/ilp32\libg_nano.a(lib_a-closer.o)
 .debug_frame   0x000000000000433c       0x30 d:/mounriver/mounriver_studio/mounriver_studio/toolchain/risc-v embedded gcc/bin/../lib/gcc/riscv-none-embed/8.2.0/../../../../riscv-none-embed/lib/rv32imac/ilp32\libg_nano.a(lib_a-fstatr.o)
 .debug_frame   0x000000000000436c       0x30 d:/mounriver/mounriver_studio/mounriver_studio/toolchain/risc-v embedded gcc/bin/../lib/gcc/riscv-none-embed/8.2.0/../../../../riscv-none-embed/lib/rv32imac/ilp32\libg_nano.a(lib_a-isattyr.o)
 .debug_frame   0x000000000000439c       0x30 d:/mounriver/mounriver_studio/mounriver_studio/toolchain/risc-v embedded gcc/bin/../lib/gcc/riscv-none-embed/8.2.0/../../../../riscv-none-embed/lib/rv32imac/ilp32\libg_nano.a(lib_a-lseekr.o)